MUTATION M1: searchV2 top-level admission gate forced off
old: `if (!admission.ok) {`  new: `if (false && !admission.ok) {` (src/mongodb-search-v2.ts, 1 occurrence)
BEFORE_SHA256: 905c587bb17e1529c1ae54590377cc98fde6b7ab0fb5d23efc960d0ed0d84d43
VITEST_EXIT: 1 (non-zero expected: mutation must be caught)
--- vitest output (tail 50) ---

[90mstderr[2m | src/mongodb-search-v2-admission.test.ts[2m > [22m[2msearchV2 admission denial produces a distinct throttled outcome[2m > [22m[2mdenial returns empty results with the throttled marker and retry hint
[22m[39m00:30:59.717 [memory:mongodb] error: searchV2 path raw-window failed {"error":{}}

[90mstderr[2m | src/mongodb-search-v2-admission.test.ts[2m > [22m[2msearchV2 admission denial produces a distinct throttled outcome[2m > [22m[2mdenial never touches the database (no lanes, no coverage read)
[22m[39m00:30:59.721 [memory:mongodb] warn: Failed to load lane coverage for planner {"agentId":"agent-a","queryLength":5,"queryDigest":"2cf24dba5fb0","error":"db must not be touched by a throttled search"}

[90mstderr[2m | src/mongodb-search-v2-admission.test.ts[2m > [22m[2msearchV2 admission denial produces a distinct throttled outcome[2m > [22m[2mdenial never touches the database (no lanes, no coverage read)
[22m[39m00:30:59.723 [memory:mongodb] error: searchV2 path raw-window failed {"error":{}}

[90mstderr[2m | src/mongodb-search-v2-admission.test.ts[2m > [22m[2msearchV2 admission denial produces a distinct throttled outcome[2m > [22m[2man admitted search (tokens available) is never throttled
[22m[39m00:30:59.724 [memory:mongodb] warn: Failed to load lane coverage for planner {"agentId":"agent-a","queryLength":1,"queryDigest":"8e35c2cd3bf6","error":"db.collection is not a function"}

 [31m❯[39m src/mongodb-search-v2-admission.test.ts [2m([22m[2m3 tests[22m[2m | [22m[31m2 failed[39m[2m)[22m[32m 17[2mms[22m[39m
[31m     [31m×[31m denial returns empty results with the throttled marker and retry hint[39m[32m 14[2mms[22m[39m
[31m     [31m×[31m denial never touches the database (no lanes, no coverage read)[39m[32m 2[2mms[22m[39m
     [32m✓[39m an admitted search (tokens available) is never throttled[32m 1[2mms[22m[39m

[31m⎯⎯⎯⎯⎯⎯⎯[39m[1m[41m Failed Tests 2 [49m[22m[31m⎯⎯⎯⎯⎯⎯⎯[39m

[41m[1m FAIL [22m[49m src/mongodb-search-v2-admission.test.ts[2m > [22msearchV2 admission denial produces a distinct throttled outcome[2m > [22mdenial returns empty results with the throttled marker and retry hint
[31m[1mAssertionError[22m: expected undefined to be defined[39m
[36m [2m❯[22m src/mongodb-search-v2-admission.test.ts:[2m59:38[22m[39m
    [90m 57|[39m   })
    [90m 58|[39m   [34mexpect[39m(outcome[33m.[39mresults)[33m.[39m[34mtoEqual[39m([])
    [90m 59|[39m   [34mexpect[39m(outcome[33m.[39mmetadata[33m.[39mthrottled)[33m.[39m[34mtoBeDefined[39m()
    [90m   |[39m                                      [31m^[39m
    [90m 60|[39m   [34mexpect[39m(outcome[33m.[39mmetadata[33m.[39mthrottled[33m?.[39mretryAfterMs)[33m.[39m[34mtoBeGreaterThan[39m([34m0[39m)
    [90m 61|[39m   [90m// Distinct from a healthy empty search: no paths ran and no budget[39m

[31m[2m⎯⎯⎯⎯⎯⎯⎯⎯⎯⎯⎯⎯⎯⎯⎯⎯⎯⎯⎯⎯⎯⎯⎯⎯[1/2]⎯[22m[39m

[41m[1m FAIL [22m[49m src/mongodb-search-v2-admission.test.ts[2m > [22msearchV2 admission denial produces a distinct throttled outcome[2m > [22mdenial never touches the database (no lanes, no coverage read)
[31m[1mAssertionError[22m: expected undefined to be defined[39m
[36m [2m❯[22m src/mongodb-search-v2-admission.test.ts:[2m85:38[22m[39m
    [90m 83|[39m    availablePaths[33m:[39m [35mnew[39m [33mSet[39m([[32m"raw-window"[39m])[33m,[39m
    [90m 84|[39m   })
    [90m 85|[39m   [34mexpect[39m(outcome[33m.[39mmetadata[33m.[39mthrottled)[33m.[39m[34mtoBeDefined[39m()
    [90m   |[39m                                      [31m^[39m
    [90m 86|[39m   [34mexpect[39m(touched)[33m.[39m[34mtoBe[39m([34m0[39m)
    [90m 87|[39m  })

[31m[2m⎯⎯⎯⎯⎯⎯⎯⎯⎯⎯⎯⎯⎯⎯⎯⎯⎯⎯⎯⎯⎯⎯⎯⎯[2/2]⎯[22m[39m


[2m Test Files [22m [1m[31m1 failed[39m[22m[90m (1)[39m
[2m      Tests [22m [1m[31m2 failed[39m[22m[2m | [22m[1m[32m1 passed[39m[22m[90m (3)[39m
[2m   Start at [22m 00:30:58
[2m   Duration [22m 896ms[2m (transform 567ms, setup 0ms, import 764ms, tests 17ms, environment 0ms)[22m

--- RED_TESTS ---
[41m[1m FAIL [22m[49m src/mongodb-search-v2-admission.test.ts[2m > [22msearchV2 admission denial produces a distinct throttled outcome[2m > [22mdenial returns empty results with the throttled marker and retry hint
[41m[1m FAIL [22m[49m src/mongodb-search-v2-admission.test.ts[2m > [22msearchV2 admission denial produces a distinct throttled outcome[2m > [22mdenial never touches the database (no lanes, no coverage read)
--- restore ---
CMP_EXIT: 0 (0 = byte-identical)
AFTER_SHA256: 905c587bb17e1529c1ae54590377cc98fde6b7ab0fb5d23efc960d0ed0d84d43
