=== ATTEMPT 3: undocumented route drift (GET /v1/refutation-probe added, NOT in OpenAPI contract) ===
--- scratch edit ---
50:	v1.get("/refutation-probe", (c) => c.json({ probe: true }))
--- step 4: bunx vitest run src/contract-conformance.test.ts ---

[1m[30m[46m RUN [49m[39m[22m [36mv4.1.10 [39m[90m/Users/rom.iluz/Dev/memongo/apps/api[39m

 [31m❯[39m src/contract-conformance.test.ts [2m([22m[2m9 tests[22m[2m | [22m[31m2 failed[39m[2m)[22m[32m 14[2mms[22m[39m
[31m     [31m×[31m documents every registered /v1 route (path + method)[39m[32m 7[2mms[22m[39m
[31m     [31m×[31m contract route table covers exactly the registered routes[39m[32m 1[2mms[22m[39m
     [32m✓[39m documents the contract's required request fields[32m 0[2mms[22m[39m
     [32m✓[39m documents the contract's full optional request field sets (B2a)[32m 1[2mms[22m[39m
     [32m✓[39m documents declared header parameters (B2a)[32m 0[2mms[22m[39m
     [32m✓[39m documents every contract error status with the ApiError envelope[32m 0[2mms[22m[39m
     [32m✓[39m declares the bearer security scheme and applies it globally[32m 0[2mms[22m[39m
     [32m✓[39m keeps every scope enum in the spec equal to the canonical values[32m 2[2mms[22m[39m
     [32m✓[39m defines the ApiError schema in components[32m 0[2mms[22m[39m

[31m⎯⎯⎯⎯⎯⎯⎯[39m[1m[41m Failed Tests 2 [49m[22m[31m⎯⎯⎯⎯⎯⎯⎯[39m

[41m[1m FAIL [22m[49m src/contract-conformance.test.ts[2m > [22mcontract conformance: routes vs OpenAPI document[2m > [22mdocuments every registered /v1 route (path + method)
[31m[1mAssertionError[22m: expected [ 'GET /v1/refutation-probe' ] to deeply equal [][39m

[32m- Expected[39m
[31m+ Received[39m

[32m- [][39m
[31m+ [[39m
[31m+   "GET /v1/refutation-probe",[39m
[31m+ ][39m

[36m [2m❯[22m src/contract-conformance.test.ts:[2m89:69[22m[39m
    [90m 87|[39m    ({ method[33m,[39m path }) [33m=>[39m [34moperationFor[39m(path[33m,[39m method) [33m===[39m undefined[33m,[39m
    [90m 88|[39m   )
    [90m 89|[39m   expect(missing.map((r) => `${r.method.toUpperCase()} ${r.path}`)).to…
    [90m   |[39m                                                                     [31m^[39m
    [90m 90|[39m    [][33m,[39m
    [90m 91|[39m   )

[31m[2m⎯⎯⎯⎯⎯⎯⎯⎯⎯⎯⎯⎯⎯⎯⎯⎯⎯⎯⎯⎯⎯⎯⎯⎯[1/2]⎯[22m[39m

[41m[1m FAIL [22m[49m src/contract-conformance.test.ts[2m > [22mcontract conformance: routes vs OpenAPI document[2m > [22mcontract route table covers exactly the registered routes
[31m[1mAssertionError[22m: expected [ 'get /v1/refutation-probe' ] to deeply equal [][39m

[32m- Expected[39m
[31m+ Received[39m

[32m- [][39m
[31m+ [[39m
[31m+   "get /v1/refutation-probe",[39m
[31m+ ][39m

[36m [2m❯[22m src/contract-conformance.test.ts:[2m102:60[22m[39m
    [90m100|[39m   )
    [90m101|[39m   [34mexpect[39m([[33m...[39mtable][33m.[39m[34mfilter[39m((key) [33m=>[39m [33m![39mregistered[33m.[39m[34mhas[39m(key)))[33m.[39m[34mtoEqual[39m([])
    [90m102|[39m   [34mexpect[39m([[33m...[39mregistered][33m.[39m[34mfilter[39m((key) [33m=>[39m [33m![39mtable[33m.[39m[34mhas[39m(key)))[33m.[39m[34mtoEqual[39m([])
    [90m   |[39m                                                            [31m^[39m
    [90m103|[39m  })
    [90m104|[39m

[31m[2m⎯⎯⎯⎯⎯⎯⎯⎯⎯⎯⎯⎯⎯⎯⎯⎯⎯⎯⎯⎯⎯⎯⎯⎯[2/2]⎯[22m[39m


[2m Test Files [22m [1m[31m1 failed[39m[22m[90m (1)[39m
[2m      Tests [22m [1m[31m2 failed[39m[22m[2m | [22m[1m[32m7 passed[39m[22m[90m (9)[39m
[2m   Start at [22m 00:34:13
[2m   Duration [22m 1.06s[2m (transform 669ms, setup 0ms, import 941ms, tests 14ms, environment 0ms)[22m

conformance exit=1

=== REFUTATION RESULT: ATTEMPT 3 FAILED — conformance suite caught the drift (exit=1) ===

--- step 5: restore routes/v1.ts from backup ---
cmp exit=0 (0 = byte-identical restore)
0
no probe route remaining
--- step 6: confirm conformance suite passes after restore ---

[2m Test Files [22m [1m[32m1 passed[39m[22m[90m (1)[39m
[2m      Tests [22m [1m[32m9 passed[39m[22m[90m (9)[39m
[2m   Start at [22m 00:34:20
[2m   Duration [22m 852ms[2m (transform 542ms, setup 0ms, import 762ms, tests 4ms, environment 0ms)[22m

conformance exit=0
