
[1m[30m[46m RUN [49m[39m[22m [36mv4.1.10 [39m[90m/Users/rom.iluz/Dev/memongo/packages/memory-engine[39m

[90mstdout[2m | src/c005-r2-refuter-probe.test.ts[2m > [22m[2mT1: config-derived sessionDays TTL reaches the chunk (single write)[2m > [22m[2mevent and chunk carry the same derived expiresAt
[22m[39m17:48:21.018 [memory:mongodb:events] info: event written: 1c8411ee-8458-44f7-b8bb-d7a3437acc2d role=user

[90mstdout[2m | src/c005-r2-refuter-probe.test.ts[2m > [22m[2mT1: config-derived sessionDays TTL reaches the chunk (single write)[2m > [22m[2mexplicit per-write expiry still wins over the config default
[22m[39m17:48:21.028 [memory:mongodb:events] info: event written: 1c09b1c8-3c44-48f7-877b-497e986f0ff6 role=user

[90mstdout[2m | src/c005-r2-refuter-probe.test.ts[2m > [22m[2mT2: window re-projection heals expiry in both directions[2m > [22m[2mre-projection $unsets a stale expiry when the window turns permanent
[22m[39m17:48:21.030 [memory:mongodb:conversation-windows] info: projected 1 conversation windows for session=s-t2 agent=agent-1

[90mstdout[2m | src/c005-r2-refuter-probe.test.ts[2m > [22m[2mT2: window re-projection heals expiry in both directions[2m > [22m[2mre-projection $unsets a stale expiry when the window turns permanent
[22m[39m17:48:21.030 [memory:mongodb:conversation-windows] info: projected 1 conversation windows for session=s-t2 agent=agent-1

[90mstdout[2m | src/c005-r2-refuter-probe.test.ts[2m > [22m[2mT2: window re-projection heals expiry in both directions[2m > [22m[2mre-projection $sets a later expiry instead of keeping the stale one
[22m[39m17:48:21.031 [memory:mongodb:conversation-windows] info: projected 1 conversation windows for session=s-t2 agent=agent-1

[90mstdout[2m | src/c005-r2-refuter-probe.test.ts[2m > [22m[2mT2: window re-projection heals expiry in both directions[2m > [22m[2mre-projection $sets a later expiry instead of keeping the stale one
[22m[39m17:48:21.031 [memory:mongodb:conversation-windows] info: projected 1 conversation windows for session=s-t2 agent=agent-1

[90mstdout[2m | src/c005-r2-refuter-probe.test.ts[2m > [22m[2mT5: bounded leak — expired event text lingers in a stale window chunk[2m > [22m[2mdocuments the residual semantics: window chunk outlives an expired event until its own max expiry
[22m[39m17:48:21.032 [memory:mongodb:conversation-windows] info: projected 1 conversation windows for session=s-t5 agent=agent-1

 [32m✓[39m src/c005-r2-refuter-probe.test.ts [2m([22m[2m8 tests[22m[2m)[22m[32m 22[2mms[22m[39m

[2m Test Files [22m [1m[32m1 passed[39m[22m[90m (1)[39m
[2m      Tests [22m [1m[32m8 passed[39m[22m[90m (8)[39m
[2m   Start at [22m 17:48:20
[2m   Duration [22m 1.03s[2m (transform 662ms, setup 0ms, import 890ms, tests 22ms, environment 0ms)[22m

