# WS-03 final-state suite run: apps/api
# Run: cd apps/api && bunx vitest run
# Date: 2026-09-03T14:12:36Z
[22m[39m{"level":"error","msg":"request failed","requestId":"0497107e-f3ca-433d-9df9-a0b5e4bd3a1c","code":"SEARCH_FAILED","method":"POST","path":"/v1/search","error":{"name":"MongoServerSelectionError","message":"driver down","stack":"MongoServerSelectionError: driver down\n    at /Users/rom.iluz/Dev/memongo/apps/api/dist/app.segment5.test.js:921:21\n    at file:///Users/rom.iluz/Dev/memongo/node_modules/@vitest/runner/dist/chunk-artifact.js:2027:60\n    at file:///Users/rom.iluz/Dev/memongo/node_modules/@vitest/runner/dist/chunk-artifact.js:302:11\n    at file:///Users/rom.iluz/Dev/memongo/node_modules/@vitest/runner/dist/chunk-artifact.js:1903:26\n    at file:///Users/rom.iluz/Dev/memongo/node_modules/@vitest/runner/dist/chunk-artifact.js:2326:20\n    at new Promise (<anonymous>)\n    at runWithCancel (file:///Users/rom.iluz/Dev/memongo/node_modules/@vitest/runner/dist/chunk-artifact.js:2323:10)\n    at file:///Users/rom.iluz/Dev/memongo/node_modules/@vitest/runner/dist/chunk-artifact.js:2305:20\n    at new Promise (<anonymous>)\n    at runWithTimeout (file:///Users/rom.iluz/Dev/memongo/node_modules/@vitest/runner/dist/chunk-artifact.js:2272:10)"}}

[90mstderr[2m | dist/app.segment5.test.js[2m > [22m[2mcreateApp[2m > [22m[2mP1.3: a network error nested in an error cause chain still maps to 503
[22m[39m{"level":"error","msg":"request failed","requestId":"abaf4a77-bb0d-45f4-a4af-56faa15a515e","code":"SEARCH_FAILED","method":"POST","path":"/v1/search","error":{"name":"Error","message":"bridge call failed","stack":"Error: bridge call failed\n    at /Users/rom.iluz/Dev/memongo/apps/api/dist/app.segment5.test.js:935:21\n    at file:///Users/rom.iluz/Dev/memongo/node_modules/@vitest/runner/dist/chunk-artifact.js:302:11\n    at file:///Users/rom.iluz/Dev/memongo/node_modules/@vitest/runner/dist/chunk-artifact.js:1903:26\n    at file:///Users/rom.iluz/Dev/memongo/node_modules/@vitest/runner/dist/chunk-artifact.js:2326:20\n    at new Promise (<anonymous>)\n    at runWithCancel (file:///Users/rom.iluz/Dev/memongo/node_modules/@vitest/runner/dist/chunk-artifact.js:2323:10)\n    at file:///Users/rom.iluz/Dev/memongo/node_modules/@vitest/runner/dist/chunk-artifact.js:2305:20\n    at new Promise (<anonymous>)\n    at runWithTimeout (file:///Users/rom.iluz/Dev/memongo/node_modules/@vitest/runner/dist/chunk-artifact.js:2272:10)\n    at file:///Users/rom.iluz/Dev/memongo/node_modules/@vitest/runner/dist/chunk-artifact.js:2955:64"}}

[90mstderr[2m | dist/app.segment5.test.js[2m > [22m[2mcreateApp[2m > [22m[2mP1.3: a generic 500 must NOT become retriable noise — non-network errors stay 500 with the route code
[22m[39m{"level":"error","msg":"request failed","requestId":"13c7fd78-2717-48b5-a3b9-ab0276bc092d","code":"SEARCH_FAILED","method":"POST","path":"/v1/search","error":{"name":"Error","message":"unexpected invariant violation","stack":"Error: unexpected invariant violation\n    at /Users/rom.iluz/Dev/memongo/apps/api/dist/app.segment5.test.js:947:59\n    at file:///Users/rom.iluz/Dev/memongo/node_modules/@vitest/runner/dist/chunk-artifact.js:302:11\n    at file:///Users/rom.iluz/Dev/memongo/node_modules/@vitest/runner/dist/chunk-artifact.js:1903:26\n    at file:///Users/rom.iluz/Dev/memongo/node_modules/@vitest/runner/dist/chunk-artifact.js:2326:20\n    at new Promise (<anonymous>)\n    at runWithCancel (file:///Users/rom.iluz/Dev/memongo/node_modules/@vitest/runner/dist/chunk-artifact.js:2323:10)\n    at file:///Users/rom.iluz/Dev/memongo/node_modules/@vitest/runner/dist/chunk-artifact.js:2305:20\n    at new Promise (<anonymous>)\n    at runWithTimeout (file:///Users/rom.iluz/Dev/memongo/node_modules/@vitest/runner/dist/chunk-artifact.js:2272:10)\n    at file:///Users/rom.iluz/Dev/memongo/node_modules/@vitest/runner/dist/chunk-artifact.js:2955:64"}}

[90mstderr[2m | dist/app.segment5.test.js[2m > [22m[2mcreateApp[2m > [22m[2mP1.3: a message that merely mentions a network error name stays 500 (name-only classification)
[22m[39m{"level":"error","msg":"request failed","requestId":"a0f082a6-adba-4aa9-9e60-91719ff8bf30","code":"SEARCH_FAILED","method":"POST","path":"/v1/search","error":{"name":"Error","message":"failed while handling MongoServerSelectionError fallback","stack":"Error: failed while handling MongoServerSelectionError fallback\n    at /Users/rom.iluz/Dev/memongo/apps/api/dist/app.segment5.test.js:960:59\n    at file:///Users/rom.iluz/Dev/memongo/node_modules/@vitest/runner/dist/chunk-artifact.js:302:11\n    at file:///Users/rom.iluz/Dev/memongo/node_modules/@vitest/runner/dist/chunk-artifact.js:1903:26\n    at file:///Users/rom.iluz/Dev/memongo/node_modules/@vitest/runner/dist/chunk-artifact.js:2326:20\n    at new Promise (<anonymous>)\n    at runWithCancel (file:///Users/rom.iluz/Dev/memongo/node_modules/@vitest/runner/dist/chunk-artifact.js:2323:10)\n    at file:///Users/rom.iluz/Dev/memongo/node_modules/@vitest/runner/dist/chunk-artifact.js:2305:20\n    at new Promise (<anonymous>)\n    at runWithTimeout (file:///Users/rom.iluz/Dev/memongo/node_modules/@vitest/runner/dist/chunk-artifact.js:2272:10)\n    at file:///Users/rom.iluz/Dev/memongo/node_modules/@vitest/runner/dist/chunk-artifact.js:2955:64"}}

 [32m✓[39m dist/app.segment4.test.js [2m([22m[2m34 tests[22m[2m)[22m[33m 338[2mms[22m[39m
 [32m✓[39m src/app.test.ts [2m([22m[2m53 tests[22m[2m)[22m[32m 241[2mms[22m[39m
 [32m✓[39m src/app.segment5.test.ts [2m([22m[2m37 tests[22m[2m)[22m[33m 349[2mms[22m[39m
 [32m✓[39m dist/app.test.js [2m([22m[2m53 tests[22m[2m)[22m[32m 231[2mms[22m[39m
 [32m✓[39m dist/app.segment5.test.js [2m([22m[2m37 tests[22m[2m)[22m[33m 356[2mms[22m[39m
 [32m✓[39m dist/lib/validation.test.js [2m([22m[2m18 tests[22m[2m)[22m[32m 13[2mms[22m[39m
 [32m✓[39m src/lib/validation.test.ts [2m([22m[2m18 tests[22m[2m)[22m[32m 14[2mms[22m[39m
 [32m✓[39m src/lib/errors.test.ts [2m([22m[2m8 tests[22m[2m)[22m[32m 134[2mms[22m[39m
 [32m✓[39m src/lib/capabilities.test.ts [2m([22m[2m12 tests[22m[2m)[22m[32m 8[2mms[22m[39m
 [32m✓[39m dist/lib/errors.test.js [2m([22m[2m8 tests[22m[2m)[22m[32m 44[2mms[22m[39m
 [32m✓[39m dist/lib/capabilities.test.js [2m([22m[2m12 tests[22m[2m)[22m[32m 4[2mms[22m[39m
 [32m✓[39m src/contract-conformance.test.ts [2m([22m[2m9 tests[22m[2m)[22m[32m 5[2mms[22m[39m
 [32m✓[39m dist/contract-conformance.test.js [2m([22m[2m9 tests[22m[2m)[22m[32m 5[2mms[22m[39m

[2m Test Files [22m [1m[32m18 passed[39m[22m[90m (18)[39m
[2m      Tests [22m [1m[32m480 passed[39m[22m[90m (480)[39m
[2m   Start at [22m 17:12:36
[2m   Duration [22m 2.49s[2m (transform 6.58s, setup 0ms, import 10.54s, tests 2.76s, environment 2ms)[22m

