
[1m[30m[46m RUN [49m[39m[22m [36mv4.1.10 [39m[90m/Users/rom.iluz/Dev/memongo/packages/memory-engine[39m

 [31m❯[39m src/embedding-model-single-source.test.ts [2m([22m[2m2 tests[22m[2m | [22m[31m1 failed[39m[2m)[22m[32m 18[2mms[22m[39m
[31m     [31m×[31m keeps every default and stage model derived from INDEX_AUTOEMBED_MODEL[39m[32m 17[2mms[22m[39m
     [32m✓[39m pins the single source of truth in the definitions module[32m 0[2mms[22m[39m

[31m⎯⎯⎯⎯⎯⎯⎯[39m[1m[41m Failed Tests 1 [49m[22m[31m⎯⎯⎯⎯⎯⎯⎯[39m

[41m[1m FAIL [22m[49m src/embedding-model-single-source.test.ts[2m > [22mautoEmbed model single source (C-007 / EL-002 F2)[2m > [22mkeeps every default and stage model derived from INDEX_AUTOEMBED_MODEL
[31m[1mAssertionError[22m: expected [ Array(1) ] to deeply equal [][39m

[32m- Expected[39m
[31m+ Received[39m

[32m- [][39m
[31m+ [[39m
[31m+   "backend-config.ts: assignment or declaration `= \"voyage-4-large\"`",[39m
[31m+ ][39m

[36m [2m❯[22m src/embedding-model-single-source.test.ts:[2m77:22[22m[39m
    [90m 75|[39m    }
    [90m 76|[39m   }
    [90m 77|[39m   [34mexpect[39m(violations)[33m.[39m[34mtoEqual[39m([])
    [90m   |[39m                      [31m^[39m
    [90m 78|[39m  })
    [90m 79|[39m

[31m[2m⎯⎯⎯⎯⎯⎯⎯⎯⎯⎯⎯⎯⎯⎯⎯⎯⎯⎯⎯⎯⎯⎯⎯⎯[1/1]⎯[22m[39m


[2m Test Files [22m [1m[31m1 failed[39m[22m[90m (1)[39m
[2m      Tests [22m [1m[31m1 failed[39m[22m[2m | [22m[1m[32m1 passed[39m[22m[90m (2)[39m
[2m   Start at [22m 19:48:08
[2m   Duration [22m 132ms[2m (transform 12ms, setup 0ms, import 17ms, tests 18ms, environment 0ms)[22m

