
[1m[30m[46m RUN [49m[39m[22m [36mv4.1.10 [39m[90m/Users/rom.iluz/Dev/memongo/packages/memory-engine[39m

[90mstdout[2m | src/mongodb-e2e.e2e.test.ts[2m > [22m[2mE2E: MongoDB Collections and Indexes[2m > [22m[2mcreates all required collections
[22m[39m20:10:26.282 [memory:mongodb:schema] info: created collection e2e_chunks

[90mstdout[2m | src/mongodb-e2e.e2e.test.ts[2m > [22m[2mE2E: MongoDB Collections and Indexes[2m > [22m[2mcreates all required collections
[22m[39m20:10:26.303 [memory:mongodb:schema] info: created collection e2e_files

[90mstdout[2m | src/mongodb-e2e.e2e.test.ts[2m > [22m[2mE2E: MongoDB Collections and Indexes[2m > [22m[2mcreates all required collections
[22m[39m20:10:26.313 [memory:mongodb:schema] info: created collection e2e_meta

[90mstdout[2m | src/mongodb-e2e.e2e.test.ts[2m > [22m[2mE2E: MongoDB Collections and Indexes[2m > [22m[2mcreates all required collections
[22m[39m20:10:26.322 [memory:mongodb:schema] info: created collection e2e_knowledge_base

[90mstdout[2m | src/mongodb-e2e.e2e.test.ts[2m > [22m[2mE2E: MongoDB Collections and Indexes[2m > [22m[2mcreates all required collections
[22m[39m20:10:26.329 [memory:mongodb:schema] info: created collection e2e_kb_chunks

[90mstdout[2m | src/mongodb-e2e.e2e.test.ts[2m > [22m[2mE2E: MongoDB Collections and Indexes[2m > [22m[2mcreates all required collections
[22m[39m20:10:26.337 [memory:mongodb:schema] info: created collection e2e_structured_mem

[90mstdout[2m | src/mongodb-e2e.e2e.test.ts[2m > [22m[2mE2E: MongoDB Collections and Indexes[2m > [22m[2mcreates all required collections
[22m[39m20:10:26.344 [memory:mongodb:schema] info: created collection e2e_structured_mem_revisions

[90mstdout[2m | src/mongodb-e2e.e2e.test.ts[2m > [22m[2mE2E: MongoDB Collections and Indexes[2m > [22m[2mcreates all required collections
[22m[39m20:10:26.349 [memory:mongodb:schema] info: created collection e2e_procedures

[90mstdout[2m | src/mongodb-e2e.e2e.test.ts[2m > [22m[2mE2E: MongoDB Collections and Indexes[2m > [22m[2mcreates all required collections
[22m[39m20:10:26.355 [memory:mongodb:schema] info: created collection e2e_procedure_revisions

[90mstdout[2m | src/mongodb-e2e.e2e.test.ts[2m > [22m[2mE2E: MongoDB Collections and Indexes[2m > [22m[2mcreates all required collections
[22m[39m20:10:26.361 [memory:mongodb:schema] info: created collection e2e_relevance_runs

[90mstdout[2m | src/mongodb-e2e.e2e.test.ts[2m > [22m[2mE2E: MongoDB Collections and Indexes[2m > [22m[2mcreates all required collections
[22m[39m20:10:26.367 [memory:mongodb:schema] info: created collection e2e_relevance_artifacts

[90mstdout[2m | src/mongodb-e2e.e2e.test.ts[2m > [22m[2mE2E: MongoDB Collections and Indexes[2m > [22m[2mcreates all required collections
[22m[39m20:10:26.374 [memory:mongodb:schema] info: created collection e2e_relevance_regressions

[90mstdout[2m | src/mongodb-e2e.e2e.test.ts[2m > [22m[2mE2E: MongoDB Collections and Indexes[2m > [22m[2mcreates all required collections
[22m[39m20:10:26.381 [memory:mongodb:schema] info: created collection e2e_events

[90mstdout[2m | src/mongodb-e2e.e2e.test.ts[2m > [22m[2mE2E: MongoDB Collections and Indexes[2m > [22m[2mcreates all required collections
[22m[39m20:10:26.386 [memory:mongodb:schema] info: created collection e2e_entities

[90mstdout[2m | src/mongodb-e2e.e2e.test.ts[2m > [22m[2mE2E: MongoDB Collections and Indexes[2m > [22m[2mcreates all required collections
[22m[39m20:10:26.393 [memory:mongodb:schema] info: created collection e2e_relations

[90mstdout[2m | src/mongodb-e2e.e2e.test.ts[2m > [22m[2mE2E: MongoDB Collections and Indexes[2m > [22m[2mcreates all required collections
[22m[39m20:10:26.397 [memory:mongodb:schema] info: created collection e2e_entity_links

[90mstdout[2m | src/mongodb-e2e.e2e.test.ts[2m > [22m[2mE2E: MongoDB Collections and Indexes[2m > [22m[2mcreates all required collections
[22m[39m20:10:26.403 [memory:mongodb:schema] info: created collection e2e_episodes

[90mstdout[2m | src/mongodb-e2e.e2e.test.ts[2m > [22m[2mE2E: MongoDB Collections and Indexes[2m > [22m[2mcreates all required collections
[22m[39m20:10:26.408 [memory:mongodb:schema] info: created collection e2e_ingest_runs

[90mstdout[2m | src/mongodb-e2e.e2e.test.ts[2m > [22m[2mE2E: MongoDB Collections and Indexes[2m > [22m[2mcreates all required collections
[22m[39m20:10:26.413 [memory:mongodb:schema] info: created collection e2e_projection_runs

[90mstdout[2m | src/mongodb-e2e.e2e.test.ts[2m > [22m[2mE2E: MongoDB Collections and Indexes[2m > [22m[2mcreates all required collections
[22m[39m20:10:26.419 [memory:mongodb:schema] info: created collection e2e_query_cache

[90mstdout[2m | src/mongodb-e2e.e2e.test.ts[2m > [22m[2mE2E: MongoDB Collections and Indexes[2m > [22m[2mcreates all required collections
[22m[39m20:10:26.424 [memory:mongodb:schema] info: created collection e2e_memory_mutations

[90mstdout[2m | src/mongodb-e2e.e2e.test.ts[2m > [22m[2mE2E: MongoDB Collections and Indexes[2m > [22m[2mcreates all required collections
[22m[39m20:10:26.429 [memory:mongodb:schema] info: created collection e2e_lane_coverage

[90mstdout[2m | src/mongodb-e2e.e2e.test.ts[2m > [22m[2mE2E: MongoDB Collections and Indexes[2m > [22m[2mcreates all required collections
[22m[39m20:10:26.434 [memory:mongodb:schema] info: created collection e2e_consolidation_runs

[90mstdout[2m | src/mongodb-e2e.e2e.test.ts[2m > [22m[2mE2E: MongoDB Collections and Indexes[2m > [22m[2mcreates all required collections
[22m[39m20:10:26.440 [memory:mongodb:schema] info: created collection e2e_recall_traces

[90mstdout[2m | src/mongodb-e2e.e2e.test.ts[2m > [22m[2mE2E: MongoDB Collections and Indexes[2m > [22m[2mcreates all required collections
[22m[39m20:10:26.447 [memory:mongodb:schema] info: created collection e2e_memory_jobs

[90mstdout[2m | src/mongodb-e2e.e2e.test.ts[2m > [22m[2mE2E: MongoDB Collections and Indexes[2m > [22m[2mcreates all required collections
[22m[39m20:10:26.451 [memory:mongodb:schema] info: created collection e2e_session_chunks

[90mstdout[2m | src/mongodb-e2e.e2e.test.ts[2m > [22m[2mE2E: MongoDB Collections and Indexes[2m > [22m[2mcreates all required collections
[22m[39m20:10:26.457 [memory:mongodb:schema] info: created collection e2e_memory_quarantine

[90mstdout[2m | src/mongodb-e2e.e2e.test.ts[2m > [22m[2mE2E: MongoDB Collections and Indexes[2m > [22m[2mcreates all required collections
[22m[39m20:10:26.462 [memory:mongodb:schema] info: created collection e2e_memory_cost_ledger

[90mstdout[2m | src/mongodb-e2e.e2e.test.ts[2m > [22m[2mE2E: MongoDB Collections and Indexes[2m > [22m[2mcreates all required collections
[22m[39m20:10:26.474 [memory:mongodb:schema] info: created time series collection e2e_memory_telemetry

[90mstdout[2m | src/mongodb-e2e.e2e.test.ts[2m > [22m[2mE2E: MongoDB Collections and Indexes[2m > [22m[2mcreates all required collections
[22m[39m20:10:26.474 [memory:mongodb:schema] info: created telemetry collection e2e_memory_telemetry

[90mstdout[2m | src/mongodb-e2e.e2e.test.ts[2m > [22m[2mE2E: MongoDB Collections and Indexes[2m > [22m[2mcreates all required collections
[22m[39m20:10:26.479 [memory:mongodb:schema] info: created time series collection e2e_access_events

[90mstdout[2m | src/mongodb-e2e.e2e.test.ts[2m > [22m[2mE2E: MongoDB Collections and Indexes[2m > [22m[2mcreates all required collections
[22m[39m20:10:26.479 [memory:mongodb:schema] info: created access events collection e2e_access_events

[90mstdout[2m | src/mongodb-e2e.e2e.test.ts[2m > [22m[2mE2E: MongoDB Collections and Indexes[2m > [22m[2mcreates all required collections
[22m[39m20:10:26.483 [memory:mongodb:schema] info: applied schema validation to e2e_chunks

[90mstdout[2m | src/mongodb-e2e.e2e.test.ts[2m > [22m[2mE2E: MongoDB Collections and Indexes[2m > [22m[2mcreates all required collections
[22m[39m20:10:26.486 [memory:mongodb:schema] info: applied schema validation to e2e_knowledge_base

[90mstdout[2m | src/mongodb-e2e.e2e.test.ts[2m > [22m[2mE2E: MongoDB Collections and Indexes[2m > [22m[2mcreates all required collections
[22m[39m20:10:26.487 [memory:mongodb:schema] info: applied schema validation to e2e_kb_chunks

[90mstdout[2m | src/mongodb-e2e.e2e.test.ts[2m > [22m[2mE2E: MongoDB Collections and Indexes[2m > [22m[2mcreates all required collections
[22m[39m20:10:26.492 [memory:mongodb:schema] info: applied schema validation to e2e_structured_mem

[90mstdout[2m | src/mongodb-e2e.e2e.test.ts[2m > [22m[2mE2E: MongoDB Collections and Indexes[2m > [22m[2mcreates all required collections
[22m[39m20:10:26.494 [memory:mongodb:schema] info: applied schema validation to e2e_structured_mem_revisions

[90mstdout[2m | src/mongodb-e2e.e2e.test.ts[2m > [22m[2mE2E: MongoDB Collections and Indexes[2m > [22m[2mcreates all required collections
[22m[39m20:10:26.497 [memory:mongodb:schema] info: applied schema validation to e2e_procedures

[90mstdout[2m | src/mongodb-e2e.e2e.test.ts[2m > [22m[2mE2E: MongoDB Collections and Indexes[2m > [22m[2mcreates all required collections
[22m[39m20:10:26.500 [memory:mongodb:schema] info: applied schema validation to e2e_procedure_revisions

[90mstdout[2m | src/mongodb-e2e.e2e.test.ts[2m > [22m[2mE2E: MongoDB Collections and Indexes[2m > [22m[2mcreates all required collections
[22m[39m20:10:26.501 [memory:mongodb:schema] info: applied schema validation to e2e_relevance_runs

[90mstdout[2m | src/mongodb-e2e.e2e.test.ts[2m > [22m[2mE2E: MongoDB Collections and Indexes[2m > [22m[2mcreates all required collections
[22m[39m20:10:26.504 [memory:mongodb:schema] info: applied schema validation to e2e_relevance_artifacts

[90mstdout[2m | src/mongodb-e2e.e2e.test.ts[2m > [22m[2mE2E: MongoDB Collections and Indexes[2m > [22m[2mcreates all required collections
[22m[39m20:10:26.507 [memory:mongodb:schema] info: applied schema validation to e2e_relevance_regressions

[90mstdout[2m | src/mongodb-e2e.e2e.test.ts[2m > [22m[2mE2E: MongoDB Collections and Indexes[2m > [22m[2mcreates all required collections
[22m[39m20:10:26.509 [memory:mongodb:schema] info: applied schema validation to e2e_events

[90mstdout[2m | src/mongodb-e2e.e2e.test.ts[2m > [22m[2mE2E: MongoDB Collections and Indexes[2m > [22m[2mcreates all required collections
[22m[39m20:10:26.513 [memory:mongodb:schema] info: applied schema validation to e2e_entities

[90mstdout[2m | src/mongodb-e2e.e2e.test.ts[2m > [22m[2mE2E: MongoDB Collections and Indexes[2m > [22m[2mcreates all required collections
[22m[39m20:10:26.516 [memory:mongodb:schema] info: applied schema validation to e2e_relations

[90mstdout[2m | src/mongodb-e2e.e2e.test.ts[2m > [22m[2mE2E: MongoDB Collections and Indexes[2m > [22m[2mcreates all required collections
[22m[39m20:10:26.519 [memory:mongodb:schema] info: applied schema validation to e2e_entity_links

[90mstdout[2m | src/mongodb-e2e.e2e.test.ts[2m > [22m[2mE2E: MongoDB Collections and Indexes[2m > [22m[2mcreates all required collections
[22m[39m20:10:26.522 [memory:mongodb:schema] info: applied schema validation to e2e_episodes

[90mstdout[2m | src/mongodb-e2e.e2e.test.ts[2m > [22m[2mE2E: MongoDB Collections and Indexes[2m > [22m[2mcreates all required collections
[22m[39m20:10:26.526 [memory:mongodb:schema] info: applied schema validation to e2e_ingest_runs

[90mstdout[2m | src/mongodb-e2e.e2e.test.ts[2m > [22m[2mE2E: MongoDB Collections and Indexes[2m > [22m[2mcreates all required collections
[22m[39m20:10:26.533 [memory:mongodb:schema] info: applied schema validation to e2e_projection_runs

[90mstdout[2m | src/mongodb-e2e.e2e.test.ts[2m > [22m[2mE2E: MongoDB Collections and Indexes[2m > [22m[2mcreates all required collections
[22m[39m20:10:26.542 [memory:mongodb:schema] info: applied schema validation to e2e_query_cache

[90mstdout[2m | src/mongodb-e2e.e2e.test.ts[2m > [22m[2mE2E: MongoDB Collections and Indexes[2m > [22m[2mcreates all required collections
[22m[39m20:10:26.552 [memory:mongodb:schema] info: applied schema validation to e2e_memory_mutations

[90mstdout[2m | src/mongodb-e2e.e2e.test.ts[2m > [22m[2mE2E: MongoDB Collections and Indexes[2m > [22m[2mcreates all required collections
[22m[39m20:10:26.559 [memory:mongodb:schema] info: applied schema validation to e2e_recall_traces

[90mstdout[2m | src/mongodb-e2e.e2e.test.ts[2m > [22m[2mE2E: MongoDB Collections and Indexes[2m > [22m[2mcreates all required collections
[22m[39m20:10:26.568 [memory:mongodb:schema] info: applied schema validation to e2e_memory_jobs

[90mstdout[2m | src/mongodb-e2e.e2e.test.ts[2m > [22m[2mE2E: MongoDB Collections and Indexes[2m > [22m[2mcreates all required collections
[22m[39m20:10:26.578 [memory:mongodb:schema] info: applied schema validation to e2e_memory_quarantine

[90mstdout[2m | src/mongodb-e2e.e2e.test.ts[2m > [22m[2mE2E: MongoDB Collections and Indexes[2m > [22m[2mcreates all required collections
[22m[39m20:10:26.580 [memory:mongodb:schema] info: applied schema validation to e2e_files

[90mstdout[2m | src/mongodb-e2e.e2e.test.ts[2m > [22m[2mE2E: MongoDB Collections and Indexes[2m > [22m[2mensureCollections is idempotent
[22m[39m20:10:26.602 [memory:mongodb:schema] info: applied schema validation to e2e_chunks

[90mstdout[2m | src/mongodb-e2e.e2e.test.ts[2m > [22m[2mE2E: MongoDB Collections and Indexes[2m > [22m[2mensureCollections is idempotent
[22m[39m20:10:26.609 [memory:mongodb:schema] info: applied schema validation to e2e_knowledge_base

[90mstdout[2m | src/mongodb-e2e.e2e.test.ts[2m > [22m[2mE2E: MongoDB Collections and Indexes[2m > [22m[2mensureCollections is idempotent
[22m[39m20:10:26.612 [memory:mongodb:schema] info: applied schema validation to e2e_kb_chunks

[90mstdout[2m | src/mongodb-e2e.e2e.test.ts[2m > [22m[2mE2E: MongoDB Collections and Indexes[2m > [22m[2mensureCollections is idempotent
[22m[39m20:10:26.617 [memory:mongodb:schema] info: applied schema validation to e2e_structured_mem

[90mstdout[2m | src/mongodb-e2e.e2e.test.ts[2m > [22m[2mE2E: MongoDB Collections and Indexes[2m > [22m[2mensureCollections is idempotent
[22m[39m20:10:26.619 [memory:mongodb:schema] info: applied schema validation to e2e_structured_mem_revisions

[90mstdout[2m | src/mongodb-e2e.e2e.test.ts[2m > [22m[2mE2E: MongoDB Collections and Indexes[2m > [22m[2mensureCollections is idempotent
[22m[39m20:10:26.621 [memory:mongodb:schema] info: applied schema validation to e2e_procedures

[90mstdout[2m | src/mongodb-e2e.e2e.test.ts[2m > [22m[2mE2E: MongoDB Collections and Indexes[2m > [22m[2mensureCollections is idempotent
[22m[39m20:10:26.625 [memory:mongodb:schema] info: applied schema validation to e2e_procedure_revisions

[90mstdout[2m | src/mongodb-e2e.e2e.test.ts[2m > [22m[2mE2E: MongoDB Collections and Indexes[2m > [22m[2mensureCollections is idempotent
[22m[39m20:10:26.628 [memory:mongodb:schema] info: applied schema validation to e2e_relevance_runs

[90mstdout[2m | src/mongodb-e2e.e2e.test.ts[2m > [22m[2mE2E: MongoDB Collections and Indexes[2m > [22m[2mensureCollections is idempotent
[22m[39m20:10:26.631 [memory:mongodb:schema] info: applied schema validation to e2e_relevance_artifacts

[90mstdout[2m | src/mongodb-e2e.e2e.test.ts[2m > [22m[2mE2E: MongoDB Collections and Indexes[2m > [22m[2mensureCollections is idempotent
[22m[39m20:10:26.634 [memory:mongodb:schema] info: applied schema validation to e2e_relevance_regressions

[90mstdout[2m | src/mongodb-e2e.e2e.test.ts[2m > [22m[2mE2E: MongoDB Collections and Indexes[2m > [22m[2mensureCollections is idempotent
[22m[39m20:10:26.636 [memory:mongodb:schema] info: applied schema validation to e2e_events

[90mstdout[2m | src/mongodb-e2e.e2e.test.ts[2m > [22m[2mE2E: MongoDB Collections and Indexes[2m > [22m[2mensureCollections is idempotent
[22m[39m20:10:26.638 [memory:mongodb:schema] info: applied schema validation to e2e_entities

[90mstdout[2m | src/mongodb-e2e.e2e.test.ts[2m > [22m[2mE2E: MongoDB Collections and Indexes[2m > [22m[2mensureCollections is idempotent
[22m[39m20:10:26.641 [memory:mongodb:schema] info: applied schema validation to e2e_relations

[90mstdout[2m | src/mongodb-e2e.e2e.test.ts[2m > [22m[2mE2E: MongoDB Collections and Indexes[2m > [22m[2mensureCollections is idempotent
[22m[39m20:10:26.643 [memory:mongodb:schema] info: applied schema validation to e2e_entity_links

[90mstdout[2m | src/mongodb-e2e.e2e.test.ts[2m > [22m[2mE2E: MongoDB Collections and Indexes[2m > [22m[2mensureCollections is idempotent
[22m[39m20:10:26.646 [memory:mongodb:schema] info: applied schema validation to e2e_episodes

[90mstdout[2m | src/mongodb-e2e.e2e.test.ts[2m > [22m[2mE2E: MongoDB Collections and Indexes[2m > [22m[2mensureCollections is idempotent
[22m[39m20:10:26.649 [memory:mongodb:schema] info: applied schema validation to e2e_ingest_runs

[90mstdout[2m | src/mongodb-e2e.e2e.test.ts[2m > [22m[2mE2E: MongoDB Collections and Indexes[2m > [22m[2mensureCollections is idempotent
[22m[39m20:10:26.650 [memory:mongodb:schema] info: applied schema validation to e2e_projection_runs

[90mstdout[2m | src/mongodb-e2e.e2e.test.ts[2m > [22m[2mE2E: MongoDB Collections and Indexes[2m > [22m[2mensureCollections is idempotent
[22m[39m20:10:26.653 [memory:mongodb:schema] info: applied schema validation to e2e_query_cache

[90mstdout[2m | src/mongodb-e2e.e2e.test.ts[2m > [22m[2mE2E: MongoDB Collections and Indexes[2m > [22m[2mensureCollections is idempotent
[22m[39m20:10:26.655 [memory:mongodb:schema] info: applied schema validation to e2e_memory_mutations

[90mstdout[2m | src/mongodb-e2e.e2e.test.ts[2m > [22m[2mE2E: MongoDB Collections and Indexes[2m > [22m[2mensureCollections is idempotent
[22m[39m20:10:26.656 [memory:mongodb:schema] info: applied schema validation to e2e_recall_traces

[90mstdout[2m | src/mongodb-e2e.e2e.test.ts[2m > [22m[2mE2E: MongoDB Collections and Indexes[2m > [22m[2mensureCollections is idempotent
[22m[39m20:10:26.658 [memory:mongodb:schema] info: applied schema validation to e2e_memory_jobs

[90mstdout[2m | src/mongodb-e2e.e2e.test.ts[2m > [22m[2mE2E: MongoDB Collections and Indexes[2m > [22m[2mensureCollections is idempotent
[22m[39m20:10:26.660 [memory:mongodb:schema] info: applied schema validation to e2e_memory_quarantine

[90mstdout[2m | src/mongodb-e2e.e2e.test.ts[2m > [22m[2mE2E: MongoDB Collections and Indexes[2m > [22m[2mensureCollections is idempotent
[22m[39m20:10:26.661 [memory:mongodb:schema] info: applied schema validation to e2e_files

[90mstdout[2m | src/mongodb-e2e.e2e.test.ts[2m > [22m[2mE2E: MongoDB Collections and Indexes[2m > [22m[2mensureCollections is idempotent
[22m[39m20:10:26.667 [memory:mongodb:schema] info: applied schema validation to e2e_chunks

[90mstdout[2m | src/mongodb-e2e.e2e.test.ts[2m > [22m[2mE2E: MongoDB Collections and Indexes[2m > [22m[2mensureCollections is idempotent
[22m[39m20:10:26.669 [memory:mongodb:schema] info: applied schema validation to e2e_knowledge_base

[90mstdout[2m | src/mongodb-e2e.e2e.test.ts[2m > [22m[2mE2E: MongoDB Collections and Indexes[2m > [22m[2mensureCollections is idempotent
[22m[39m20:10:26.672 [memory:mongodb:schema] info: applied schema validation to e2e_kb_chunks

[90mstdout[2m | src/mongodb-e2e.e2e.test.ts[2m > [22m[2mE2E: MongoDB Collections and Indexes[2m > [22m[2mensureCollections is idempotent
[22m[39m20:10:26.674 [memory:mongodb:schema] info: applied schema validation to e2e_structured_mem

[90mstdout[2m | src/mongodb-e2e.e2e.test.ts[2m > [22m[2mE2E: MongoDB Collections and Indexes[2m > [22m[2mensureCollections is idempotent
[22m[39m20:10:26.676 [memory:mongodb:schema] info: applied schema validation to e2e_structured_mem_revisions

[90mstdout[2m | src/mongodb-e2e.e2e.test.ts[2m > [22m[2mE2E: MongoDB Collections and Indexes[2m > [22m[2mensureCollections is idempotent
[22m[39m20:10:26.678 [memory:mongodb:schema] info: applied schema validation to e2e_procedures

[90mstdout[2m | src/mongodb-e2e.e2e.test.ts[2m > [22m[2mE2E: MongoDB Collections and Indexes[2m > [22m[2mensureCollections is idempotent
[22m[39m20:10:26.680 [memory:mongodb:schema] info: applied schema validation to e2e_procedure_revisions

[90mstdout[2m | src/mongodb-e2e.e2e.test.ts[2m > [22m[2mE2E: MongoDB Collections and Indexes[2m > [22m[2mensureCollections is idempotent
[22m[39m20:10:26.683 [memory:mongodb:schema] info: applied schema validation to e2e_relevance_runs

[90mstdout[2m | src/mongodb-e2e.e2e.test.ts[2m > [22m[2mE2E: MongoDB Collections and Indexes[2m > [22m[2mensureCollections is idempotent
[22m[39m20:10:26.684 [memory:mongodb:schema] info: applied schema validation to e2e_relevance_artifacts

[90mstdout[2m | src/mongodb-e2e.e2e.test.ts[2m > [22m[2mE2E: MongoDB Collections and Indexes[2m > [22m[2mensureCollections is idempotent
[22m[39m20:10:26.685 [memory:mongodb:schema] info: applied schema validation to e2e_relevance_regressions

[90mstdout[2m | src/mongodb-e2e.e2e.test.ts[2m > [22m[2mE2E: MongoDB Collections and Indexes[2m > [22m[2mensureCollections is idempotent
[22m[39m20:10:26.687 [memory:mongodb:schema] info: applied schema validation to e2e_events

[90mstdout[2m | src/mongodb-e2e.e2e.test.ts[2m > [22m[2mE2E: MongoDB Collections and Indexes[2m > [22m[2mensureCollections is idempotent
[22m[39m20:10:26.688 [memory:mongodb:schema] info: applied schema validation to e2e_entities

[90mstdout[2m | src/mongodb-e2e.e2e.test.ts[2m > [22m[2mE2E: MongoDB Collections and Indexes[2m > [22m[2mensureCollections is idempotent
[22m[39m20:10:26.689 [memory:mongodb:schema] info: applied schema validation to e2e_relations

[90mstdout[2m | src/mongodb-e2e.e2e.test.ts[2m > [22m[2mE2E: MongoDB Collections and Indexes[2m > [22m[2mensureCollections is idempotent
[22m[39m20:10:26.690 [memory:mongodb:schema] info: applied schema validation to e2e_entity_links

[90mstdout[2m | src/mongodb-e2e.e2e.test.ts[2m > [22m[2mE2E: MongoDB Collections and Indexes[2m > [22m[2mensureCollections is idempotent
[22m[39m20:10:26.692 [memory:mongodb:schema] info: applied schema validation to e2e_episodes

[90mstdout[2m | src/mongodb-e2e.e2e.test.ts[2m > [22m[2mE2E: MongoDB Collections and Indexes[2m > [22m[2mensureCollections is idempotent
[22m[39m20:10:26.693 [memory:mongodb:schema] info: applied schema validation to e2e_ingest_runs

[90mstdout[2m | src/mongodb-e2e.e2e.test.ts[2m > [22m[2mE2E: MongoDB Collections and Indexes[2m > [22m[2mensureCollections is idempotent
[22m[39m20:10:26.694 [memory:mongodb:schema] info: applied schema validation to e2e_projection_runs

[90mstdout[2m | src/mongodb-e2e.e2e.test.ts[2m > [22m[2mE2E: MongoDB Collections and Indexes[2m > [22m[2mensureCollections is idempotent
[22m[39m20:10:26.695 [memory:mongodb:schema] info: applied schema validation to e2e_query_cache

[90mstdout[2m | src/mongodb-e2e.e2e.test.ts[2m > [22m[2mE2E: MongoDB Collections and Indexes[2m > [22m[2mensureCollections is idempotent
[22m[39m20:10:26.697 [memory:mongodb:schema] info: applied schema validation to e2e_memory_mutations

[90mstdout[2m | src/mongodb-e2e.e2e.test.ts[2m > [22m[2mE2E: MongoDB Collections and Indexes[2m > [22m[2mensureCollections is idempotent
[22m[39m20:10:26.699 [memory:mongodb:schema] info: applied schema validation to e2e_recall_traces

[90mstdout[2m | src/mongodb-e2e.e2e.test.ts[2m > [22m[2mE2E: MongoDB Collections and Indexes[2m > [22m[2mensureCollections is idempotent
[22m[39m20:10:26.701 [memory:mongodb:schema] info: applied schema validation to e2e_memory_jobs

[90mstdout[2m | src/mongodb-e2e.e2e.test.ts[2m > [22m[2mE2E: MongoDB Collections and Indexes[2m > [22m[2mensureCollections is idempotent
[22m[39m20:10:26.703 [memory:mongodb:schema] info: applied schema validation to e2e_memory_quarantine

[90mstdout[2m | src/mongodb-e2e.e2e.test.ts[2m > [22m[2mE2E: MongoDB Collections and Indexes[2m > [22m[2mensureCollections is idempotent
[22m[39m20:10:26.704 [memory:mongodb:schema] info: applied schema validation to e2e_files

[90mstdout[2m | src/mongodb-e2e.e2e.test.ts[2m > [22m[2mE2E: MongoDB Collections and Indexes[2m > [22m[2mrefreshes validators on existing collections when the schema changes
[22m[39m20:10:26.723 [memory:mongodb:schema] info: created collection legacy_23f6e473_chunks

[90mstdout[2m | src/mongodb-e2e.e2e.test.ts[2m > [22m[2mE2E: MongoDB Collections and Indexes[2m > [22m[2mrefreshes validators on existing collections when the schema changes
[22m[39m20:10:26.729 [memory:mongodb:schema] info: created collection legacy_23f6e473_files

[90mstdout[2m | src/mongodb-e2e.e2e.test.ts[2m > [22m[2mE2E: MongoDB Collections and Indexes[2m > [22m[2mrefreshes validators on existing collections when the schema changes
[22m[39m20:10:26.735 [memory:mongodb:schema] info: created collection legacy_23f6e473_meta

[90mstdout[2m | src/mongodb-e2e.e2e.test.ts[2m > [22m[2mE2E: MongoDB Collections and Indexes[2m > [22m[2mrefreshes validators on existing collections when the schema changes
[22m[39m20:10:26.740 [memory:mongodb:schema] info: created collection legacy_23f6e473_knowledge_base

[90mstdout[2m | src/mongodb-e2e.e2e.test.ts[2m > [22m[2mE2E: MongoDB Collections and Indexes[2m > [22m[2mrefreshes validators on existing collections when the schema changes
[22m[39m20:10:26.746 [memory:mongodb:schema] info: created collection legacy_23f6e473_kb_chunks

[90mstdout[2m | src/mongodb-e2e.e2e.test.ts[2m > [22m[2mE2E: MongoDB Collections and Indexes[2m > [22m[2mrefreshes validators on existing collections when the schema changes
[22m[39m20:10:26.756 [memory:mongodb:schema] info: created collection legacy_23f6e473_structured_mem

[90mstdout[2m | src/mongodb-e2e.e2e.test.ts[2m > [22m[2mE2E: MongoDB Collections and Indexes[2m > [22m[2mrefreshes validators on existing collections when the schema changes
[22m[39m20:10:26.762 [memory:mongodb:schema] info: created collection legacy_23f6e473_structured_mem_revisions

[90mstdout[2m | src/mongodb-e2e.e2e.test.ts[2m > [22m[2mE2E: MongoDB Collections and Indexes[2m > [22m[2mrefreshes validators on existing collections when the schema changes
[22m[39m20:10:26.770 [memory:mongodb:schema] info: created collection legacy_23f6e473_procedures

[90mstdout[2m | src/mongodb-e2e.e2e.test.ts[2m > [22m[2mE2E: MongoDB Collections and Indexes[2m > [22m[2mrefreshes validators on existing collections when the schema changes
[22m[39m20:10:26.850 [memory:mongodb:schema] info: created collection legacy_23f6e473_procedure_revisions

[90mstdout[2m | src/mongodb-e2e.e2e.test.ts[2m > [22m[2mE2E: MongoDB Collections and Indexes[2m > [22m[2mrefreshes validators on existing collections when the schema changes
[22m[39m20:10:26.860 [memory:mongodb:schema] info: created collection legacy_23f6e473_relevance_runs

[90mstdout[2m | src/mongodb-e2e.e2e.test.ts[2m > [22m[2mE2E: MongoDB Collections and Indexes[2m > [22m[2mrefreshes validators on existing collections when the schema changes
[22m[39m20:10:26.867 [memory:mongodb:schema] info: created collection legacy_23f6e473_relevance_artifacts

[90mstdout[2m | src/mongodb-e2e.e2e.test.ts[2m > [22m[2mE2E: MongoDB Collections and Indexes[2m > [22m[2mrefreshes validators on existing collections when the schema changes
[22m[39m20:10:26.874 [memory:mongodb:schema] info: created collection legacy_23f6e473_relevance_regressions

[90mstdout[2m | src/mongodb-e2e.e2e.test.ts[2m > [22m[2mE2E: MongoDB Collections and Indexes[2m > [22m[2mrefreshes validators on existing collections when the schema changes
[22m[39m20:10:26.882 [memory:mongodb:schema] info: created collection legacy_23f6e473_events

[90mstdout[2m | src/mongodb-e2e.e2e.test.ts[2m > [22m[2mE2E: MongoDB Collections and Indexes[2m > [22m[2mrefreshes validators on existing collections when the schema changes
[22m[39m20:10:26.888 [memory:mongodb:schema] info: created collection legacy_23f6e473_entities

[90mstdout[2m | src/mongodb-e2e.e2e.test.ts[2m > [22m[2mE2E: MongoDB Collections and Indexes[2m > [22m[2mrefreshes validators on existing collections when the schema changes
[22m[39m20:10:26.899 [memory:mongodb:schema] info: created collection legacy_23f6e473_relations

[90mstdout[2m | src/mongodb-e2e.e2e.test.ts[2m > [22m[2mE2E: MongoDB Collections and Indexes[2m > [22m[2mrefreshes validators on existing collections when the schema changes
[22m[39m20:10:26.908 [memory:mongodb:schema] info: created collection legacy_23f6e473_entity_links

[90mstdout[2m | src/mongodb-e2e.e2e.test.ts[2m > [22m[2mE2E: MongoDB Collections and Indexes[2m > [22m[2mrefreshes validators on existing collections when the schema changes
[22m[39m20:10:26.918 [memory:mongodb:schema] info: created collection legacy_23f6e473_episodes

[90mstdout[2m | src/mongodb-e2e.e2e.test.ts[2m > [22m[2mE2E: MongoDB Collections and Indexes[2m > [22m[2mrefreshes validators on existing collections when the schema changes
[22m[39m20:10:26.927 [memory:mongodb:schema] info: created collection legacy_23f6e473_ingest_runs

[90mstdout[2m | src/mongodb-e2e.e2e.test.ts[2m > [22m[2mE2E: MongoDB Collections and Indexes[2m > [22m[2mrefreshes validators on existing collections when the schema changes
[22m[39m20:10:26.935 [memory:mongodb:schema] info: created collection legacy_23f6e473_query_cache

[90mstdout[2m | src/mongodb-e2e.e2e.test.ts[2m > [22m[2mE2E: MongoDB Collections and Indexes[2m > [22m[2mrefreshes validators on existing collections when the schema changes
[22m[39m20:10:26.942 [memory:mongodb:schema] info: created collection legacy_23f6e473_memory_mutations

[90mstdout[2m | src/mongodb-e2e.e2e.test.ts[2m > [22m[2mE2E: MongoDB Collections and Indexes[2m > [22m[2mrefreshes validators on existing collections when the schema changes
[22m[39m20:10:26.947 [memory:mongodb:schema] info: created collection legacy_23f6e473_lane_coverage

[90mstdout[2m | src/mongodb-e2e.e2e.test.ts[2m > [22m[2mE2E: MongoDB Collections and Indexes[2m > [22m[2mrefreshes validators on existing collections when the schema changes
[22m[39m20:10:26.953 [memory:mongodb:schema] info: created collection legacy_23f6e473_consolidation_runs

[90mstdout[2m | src/mongodb-e2e.e2e.test.ts[2m > [22m[2mE2E: MongoDB Collections and Indexes[2m > [22m[2mrefreshes validators on existing collections when the schema changes
[22m[39m20:10:26.960 [memory:mongodb:schema] info: created collection legacy_23f6e473_recall_traces

[90mstdout[2m | src/mongodb-e2e.e2e.test.ts[2m > [22m[2mE2E: MongoDB Collections and Indexes[2m > [22m[2mrefreshes validators on existing collections when the schema changes
[22m[39m20:10:26.965 [memory:mongodb:schema] info: created collection legacy_23f6e473_memory_jobs

[90mstdout[2m | src/mongodb-e2e.e2e.test.ts[2m > [22m[2mE2E: MongoDB Collections and Indexes[2m > [22m[2mrefreshes validators on existing collections when the schema changes
[22m[39m20:10:26.971 [memory:mongodb:schema] info: created collection legacy_23f6e473_session_chunks

[90mstdout[2m | src/mongodb-e2e.e2e.test.ts[2m > [22m[2mE2E: MongoDB Collections and Indexes[2m > [22m[2mrefreshes validators on existing collections when the schema changes
[22m[39m20:10:26.977 [memory:mongodb:schema] info: created collection legacy_23f6e473_memory_quarantine

[90mstdout[2m | src/mongodb-e2e.e2e.test.ts[2m > [22m[2mE2E: MongoDB Collections and Indexes[2m > [22m[2mrefreshes validators on existing collections when the schema changes
[22m[39m20:10:26.983 [memory:mongodb:schema] info: created collection legacy_23f6e473_memory_cost_ledger

[90mstdout[2m | src/mongodb-e2e.e2e.test.ts[2m > [22m[2mE2E: MongoDB Collections and Indexes[2m > [22m[2mrefreshes validators on existing collections when the schema changes
[22m[39m20:10:26.990 [memory:mongodb:schema] info: created time series collection legacy_23f6e473_memory_telemetry

[90mstdout[2m | src/mongodb-e2e.e2e.test.ts[2m > [22m[2mE2E: MongoDB Collections and Indexes[2m > [22m[2mrefreshes validators on existing collections when the schema changes
[22m[39m20:10:26.990 [memory:mongodb:schema] info: created telemetry collection legacy_23f6e473_memory_telemetry

[90mstdout[2m | src/mongodb-e2e.e2e.test.ts[2m > [22m[2mE2E: MongoDB Collections and Indexes[2m > [22m[2mrefreshes validators on existing collections when the schema changes
[22m[39m20:10:26.996 [memory:mongodb:schema] info: created time series collection legacy_23f6e473_access_events

[90mstdout[2m | src/mongodb-e2e.e2e.test.ts[2m > [22m[2mE2E: MongoDB Collections and Indexes[2m > [22m[2mrefreshes validators on existing collections when the schema changes
[22m[39m20:10:26.996 [memory:mongodb:schema] info: created access events collection legacy_23f6e473_access_events

[90mstdout[2m | src/mongodb-e2e.e2e.test.ts[2m > [22m[2mE2E: MongoDB Collections and Indexes[2m > [22m[2mrefreshes validators on existing collections when the schema changes
[22m[39m20:10:26.999 [memory:mongodb:schema] info: applied schema validation to legacy_23f6e473_chunks

[90mstdout[2m | src/mongodb-e2e.e2e.test.ts[2m > [22m[2mE2E: MongoDB Collections and Indexes[2m > [22m[2mrefreshes validators on existing collections when the schema changes
[22m[39m20:10:27.000 [memory:mongodb:schema] info: applied schema validation to legacy_23f6e473_knowledge_base

[90mstdout[2m | src/mongodb-e2e.e2e.test.ts[2m > [22m[2mE2E: MongoDB Collections and Indexes[2m > [22m[2mrefreshes validators on existing collections when the schema changes
[22m[39m20:10:27.002 [memory:mongodb:schema] info: applied schema validation to legacy_23f6e473_kb_chunks

[90mstdout[2m | src/mongodb-e2e.e2e.test.ts[2m > [22m[2mE2E: MongoDB Collections and Indexes[2m > [22m[2mrefreshes validators on existing collections when the schema changes
[22m[39m20:10:27.010 [memory:mongodb:schema] info: applied schema validation to legacy_23f6e473_structured_mem

[90mstdout[2m | src/mongodb-e2e.e2e.test.ts[2m > [22m[2mE2E: MongoDB Collections and Indexes[2m > [22m[2mrefreshes validators on existing collections when the schema changes
[22m[39m20:10:27.019 [memory:mongodb:schema] info: applied schema validation to legacy_23f6e473_structured_mem_revisions

[90mstdout[2m | src/mongodb-e2e.e2e.test.ts[2m > [22m[2mE2E: MongoDB Collections and Indexes[2m > [22m[2mrefreshes validators on existing collections when the schema changes
[22m[39m20:10:27.021 [memory:mongodb:schema] info: applied schema validation to legacy_23f6e473_procedures

[90mstdout[2m | src/mongodb-e2e.e2e.test.ts[2m > [22m[2mE2E: MongoDB Collections and Indexes[2m > [22m[2mrefreshes validators on existing collections when the schema changes
[22m[39m20:10:27.024 [memory:mongodb:schema] info: applied schema validation to legacy_23f6e473_procedure_revisions

[90mstdout[2m | src/mongodb-e2e.e2e.test.ts[2m > [22m[2mE2E: MongoDB Collections and Indexes[2m > [22m[2mrefreshes validators on existing collections when the schema changes
[22m[39m20:10:27.026 [memory:mongodb:schema] info: applied schema validation to legacy_23f6e473_relevance_runs

[90mstdout[2m | src/mongodb-e2e.e2e.test.ts[2m > [22m[2mE2E: MongoDB Collections and Indexes[2m > [22m[2mrefreshes validators on existing collections when the schema changes
[22m[39m20:10:27.028 [memory:mongodb:schema] info: applied schema validation to legacy_23f6e473_relevance_artifacts

[90mstdout[2m | src/mongodb-e2e.e2e.test.ts[2m > [22m[2mE2E: MongoDB Collections and Indexes[2m > [22m[2mrefreshes validators on existing collections when the schema changes
[22m[39m20:10:27.034 [memory:mongodb:schema] info: applied schema validation to legacy_23f6e473_relevance_regressions

[90mstdout[2m | src/mongodb-e2e.e2e.test.ts[2m > [22m[2mE2E: MongoDB Collections and Indexes[2m > [22m[2mrefreshes validators on existing collections when the schema changes
[22m[39m20:10:27.036 [memory:mongodb:schema] info: applied schema validation to legacy_23f6e473_events

[90mstdout[2m | src/mongodb-e2e.e2e.test.ts[2m > [22m[2mE2E: MongoDB Collections and Indexes[2m > [22m[2mrefreshes validators on existing collections when the schema changes
[22m[39m20:10:27.038 [memory:mongodb:schema] info: applied schema validation to legacy_23f6e473_entities

[90mstdout[2m | src/mongodb-e2e.e2e.test.ts[2m > [22m[2mE2E: MongoDB Collections and Indexes[2m > [22m[2mrefreshes validators on existing collections when the schema changes
[22m[39m20:10:27.042 [memory:mongodb:schema] info: applied schema validation to legacy_23f6e473_relations

[90mstdout[2m | src/mongodb-e2e.e2e.test.ts[2m > [22m[2mE2E: MongoDB Collections and Indexes[2m > [22m[2mrefreshes validators on existing collections when the schema changes
[22m[39m20:10:27.043 [memory:mongodb:schema] info: applied schema validation to legacy_23f6e473_entity_links

[90mstdout[2m | src/mongodb-e2e.e2e.test.ts[2m > [22m[2mE2E: MongoDB Collections and Indexes[2m > [22m[2mrefreshes validators on existing collections when the schema changes
[22m[39m20:10:27.045 [memory:mongodb:schema] info: applied schema validation to legacy_23f6e473_episodes

[90mstdout[2m | src/mongodb-e2e.e2e.test.ts[2m > [22m[2mE2E: MongoDB Collections and Indexes[2m > [22m[2mrefreshes validators on existing collections when the schema changes
[22m[39m20:10:27.048 [memory:mongodb:schema] info: applied schema validation to legacy_23f6e473_ingest_runs

[90mstdout[2m | src/mongodb-e2e.e2e.test.ts[2m > [22m[2mE2E: MongoDB Collections and Indexes[2m > [22m[2mrefreshes validators on existing collections when the schema changes
[22m[39m20:10:27.050 [memory:mongodb:schema] info: applied schema validation to legacy_23f6e473_projection_runs

[90mstdout[2m | src/mongodb-e2e.e2e.test.ts[2m > [22m[2mE2E: MongoDB Collections and Indexes[2m > [22m[2mrefreshes validators on existing collections when the schema changes
[22m[39m20:10:27.052 [memory:mongodb:schema] info: applied schema validation to legacy_23f6e473_query_cache

[90mstdout[2m | src/mongodb-e2e.e2e.test.ts[2m > [22m[2mE2E: MongoDB Collections and Indexes[2m > [22m[2mrefreshes validators on existing collections when the schema changes
[22m[39m20:10:27.054 [memory:mongodb:schema] info: applied schema validation to legacy_23f6e473_memory_mutations

[90mstdout[2m | src/mongodb-e2e.e2e.test.ts[2m > [22m[2mE2E: MongoDB Collections and Indexes[2m > [22m[2mrefreshes validators on existing collections when the schema changes
[22m[39m20:10:27.056 [memory:mongodb:schema] info: applied schema validation to legacy_23f6e473_recall_traces

[90mstdout[2m | src/mongodb-e2e.e2e.test.ts[2m > [22m[2mE2E: MongoDB Collections and Indexes[2m > [22m[2mrefreshes validators on existing collections when the schema changes
[22m[39m20:10:27.057 [memory:mongodb:schema] info: applied schema validation to legacy_23f6e473_memory_jobs

[90mstdout[2m | src/mongodb-e2e.e2e.test.ts[2m > [22m[2mE2E: MongoDB Collections and Indexes[2m > [22m[2mrefreshes validators on existing collections when the schema changes
[22m[39m20:10:27.059 [memory:mongodb:schema] info: applied schema validation to legacy_23f6e473_memory_quarantine

[90mstdout[2m | src/mongodb-e2e.e2e.test.ts[2m > [22m[2mE2E: MongoDB Collections and Indexes[2m > [22m[2mrefreshes validators on existing collections when the schema changes
[22m[39m20:10:27.061 [memory:mongodb:schema] info: applied schema validation to legacy_23f6e473_files

[90mstdout[2m | src/mongodb-e2e.e2e.test.ts[2m > [22m[2mE2E: MongoDB Collections and Indexes[2m > [22m[2mcreates standard indexes
[22m[39m20:10:27.071 [memory:mongodb:schema] info: applied schema validation to e2e_chunks

[90mstdout[2m | src/mongodb-e2e.e2e.test.ts[2m > [22m[2mE2E: MongoDB Collections and Indexes[2m > [22m[2mcreates standard indexes
[22m[39m20:10:27.073 [memory:mongodb:schema] info: applied schema validation to e2e_knowledge_base

[90mstdout[2m | src/mongodb-e2e.e2e.test.ts[2m > [22m[2mE2E: MongoDB Collections and Indexes[2m > [22m[2mcreates standard indexes
[22m[39m20:10:27.077 [memory:mongodb:schema] info: applied schema validation to e2e_kb_chunks

[90mstdout[2m | src/mongodb-e2e.e2e.test.ts[2m > [22m[2mE2E: MongoDB Collections and Indexes[2m > [22m[2mcreates standard indexes
[22m[39m20:10:27.079 [memory:mongodb:schema] info: applied schema validation to e2e_structured_mem

[90mstdout[2m | src/mongodb-e2e.e2e.test.ts[2m > [22m[2mE2E: MongoDB Collections and Indexes[2m > [22m[2mcreates standard indexes
[22m[39m20:10:27.083 [memory:mongodb:schema] info: applied schema validation to e2e_structured_mem_revisions

[90mstdout[2m | src/mongodb-e2e.e2e.test.ts[2m > [22m[2mE2E: MongoDB Collections and Indexes[2m > [22m[2mcreates standard indexes
[22m[39m20:10:27.085 [memory:mongodb:schema] info: applied schema validation to e2e_procedures

[90mstdout[2m | src/mongodb-e2e.e2e.test.ts[2m > [22m[2mE2E: MongoDB Collections and Indexes[2m > [22m[2mcreates standard indexes
[22m[39m20:10:27.087 [memory:mongodb:schema] info: applied schema validation to e2e_procedure_revisions

[90mstdout[2m | src/mongodb-e2e.e2e.test.ts[2m > [22m[2mE2E: MongoDB Collections and Indexes[2m > [22m[2mcreates standard indexes
[22m[39m20:10:27.090 [memory:mongodb:schema] info: applied schema validation to e2e_relevance_runs

[90mstdout[2m | src/mongodb-e2e.e2e.test.ts[2m > [22m[2mE2E: MongoDB Collections and Indexes[2m > [22m[2mcreates standard indexes
[22m[39m20:10:27.090 [memory:mongodb:schema] info: applied schema validation to e2e_relevance_artifacts

[90mstdout[2m | src/mongodb-e2e.e2e.test.ts[2m > [22m[2mE2E: MongoDB Collections and Indexes[2m > [22m[2mcreates standard indexes
[22m[39m20:10:27.095 [memory:mongodb:schema] info: applied schema validation to e2e_relevance_regressions

[90mstdout[2m | src/mongodb-e2e.e2e.test.ts[2m > [22m[2mE2E: MongoDB Collections and Indexes[2m > [22m[2mcreates standard indexes
[22m[39m20:10:27.101 [memory:mongodb:schema] info: applied schema validation to e2e_events

[90mstdout[2m | src/mongodb-e2e.e2e.test.ts[2m > [22m[2mE2E: MongoDB Collections and Indexes[2m > [22m[2mcreates standard indexes
[22m[39m20:10:27.105 [memory:mongodb:schema] info: applied schema validation to e2e_entities

[90mstdout[2m | src/mongodb-e2e.e2e.test.ts[2m > [22m[2mE2E: MongoDB Collections and Indexes[2m > [22m[2mcreates standard indexes
[22m[39m20:10:27.107 [memory:mongodb:schema] info: applied schema validation to e2e_relations

[90mstdout[2m | src/mongodb-e2e.e2e.test.ts[2m > [22m[2mE2E: MongoDB Collections and Indexes[2m > [22m[2mcreates standard indexes
[22m[39m20:10:27.112 [memory:mongodb:schema] info: applied schema validation to e2e_entity_links

[90mstdout[2m | src/mongodb-e2e.e2e.test.ts[2m > [22m[2mE2E: MongoDB Collections and Indexes[2m > [22m[2mcreates standard indexes
[22m[39m20:10:27.116 [memory:mongodb:schema] info: applied schema validation to e2e_episodes

[90mstdout[2m | src/mongodb-e2e.e2e.test.ts[2m > [22m[2mE2E: MongoDB Collections and Indexes[2m > [22m[2mcreates standard indexes
[22m[39m20:10:27.121 [memory:mongodb:schema] info: applied schema validation to e2e_ingest_runs

[90mstdout[2m | src/mongodb-e2e.e2e.test.ts[2m > [22m[2mE2E: MongoDB Collections and Indexes[2m > [22m[2mcreates standard indexes
[22m[39m20:10:27.124 [memory:mongodb:schema] info: applied schema validation to e2e_projection_runs

[90mstdout[2m | src/mongodb-e2e.e2e.test.ts[2m > [22m[2mE2E: MongoDB Collections and Indexes[2m > [22m[2mcreates standard indexes
[22m[39m20:10:27.126 [memory:mongodb:schema] info: applied schema validation to e2e_query_cache

[90mstdout[2m | src/mongodb-e2e.e2e.test.ts[2m > [22m[2mE2E: MongoDB Collections and Indexes[2m > [22m[2mcreates standard indexes
[22m[39m20:10:27.131 [memory:mongodb:schema] info: applied schema validation to e2e_memory_mutations

[90mstdout[2m | src/mongodb-e2e.e2e.test.ts[2m > [22m[2mE2E: MongoDB Collections and Indexes[2m > [22m[2mcreates standard indexes
[22m[39m20:10:27.133 [memory:mongodb:schema] info: applied schema validation to e2e_recall_traces

[90mstdout[2m | src/mongodb-e2e.e2e.test.ts[2m > [22m[2mE2E: MongoDB Collections and Indexes[2m > [22m[2mcreates standard indexes
[22m[39m20:10:27.135 [memory:mongodb:schema] info: applied schema validation to e2e_memory_jobs

[90mstdout[2m | src/mongodb-e2e.e2e.test.ts[2m > [22m[2mE2E: MongoDB Collections and Indexes[2m > [22m[2mcreates standard indexes
[22m[39m20:10:27.138 [memory:mongodb:schema] info: applied schema validation to e2e_memory_quarantine

[90mstdout[2m | src/mongodb-e2e.e2e.test.ts[2m > [22m[2mE2E: MongoDB Collections and Indexes[2m > [22m[2mcreates standard indexes
[22m[39m20:10:27.140 [memory:mongodb:schema] info: applied schema validation to e2e_files

[90mstdout[2m | src/mongodb-e2e.e2e.test.ts[2m > [22m[2mE2E: MongoDB Collections and Indexes[2m > [22m[2mcreates standard indexes
[22m[39m20:10:27.596 [memory:mongodb:schema] info: ensured 44 standard indexes

[90mstdout[2m | src/mongodb-e2e.e2e.test.ts[2m > [22m[2mE2E: MongoDB Collections and Indexes[2m > [22m[2mensureStandardIndexes is idempotent
[22m[39m20:10:27.688 [memory:mongodb:schema] info: ensured 44 standard indexes

[90mstdout[2m | src/mongodb-e2e.e2e.test.ts[2m > [22m[2mE2E: MongoDB Collections and Indexes[2m > [22m[2mensureStandardIndexes is idempotent
[22m[39m20:10:27.748 [memory:mongodb:schema] info: ensured 44 standard indexes

[90mstdout[2m | src/mongodb-e2e.e2e.test.ts[2m > [22m[2mE2E: MongoDB Collections and Indexes[2m > [22m[2mensures search indexes according to the live deployment
[22m[39m20:10:27.797 [memory:mongodb:schema] info: created chunks text search index

[90mstdout[2m | src/mongodb-e2e.e2e.test.ts[2m > [22m[2mE2E: MongoDB Collections and Indexes[2m > [22m[2mensures search indexes according to the live deployment
[22m[39m20:10:27.833 [memory:mongodb:schema] info: created chunks vector search index

[90mstdout[2m | src/mongodb-e2e.e2e.test.ts[2m > [22m[2mE2E: MongoDB Collections and Indexes[2m > [22m[2mensures search indexes according to the live deployment
[22m[39m20:10:27.868 [memory:mongodb:schema] info: created kb_chunks text search index

[90mstdout[2m | src/mongodb-e2e.e2e.test.ts[2m > [22m[2mE2E: MongoDB Collections and Indexes[2m > [22m[2mensures search indexes according to the live deployment
[22m[39m20:10:27.902 [memory:mongodb:schema] info: created kb_chunks vector search index

[90mstdout[2m | src/mongodb-e2e.e2e.test.ts[2m > [22m[2mE2E: MongoDB Collections and Indexes[2m > [22m[2mensures search indexes according to the live deployment
[22m[39m20:10:27.936 [memory:mongodb:schema] info: created structured_mem text search index

[90mstdout[2m | src/mongodb-e2e.e2e.test.ts[2m > [22m[2mE2E: MongoDB Collections and Indexes[2m > [22m[2mensures search indexes according to the live deployment
[22m[39m20:10:27.972 [memory:mongodb:schema] info: created structured_mem vector search index

[90mstdout[2m | src/mongodb-e2e.e2e.test.ts[2m > [22m[2mE2E: MongoDB Collections and Indexes[2m > [22m[2mensures search indexes according to the live deployment
[22m[39m20:10:28.007 [memory:mongodb:schema] info: created procedures text search index

[90mstdout[2m | src/mongodb-e2e.e2e.test.ts[2m > [22m[2mE2E: MongoDB Collections and Indexes[2m > [22m[2mensures search indexes according to the live deployment
[22m[39m20:10:28.056 [memory:mongodb:schema] info: created procedures vector search index

[90mstdout[2m | src/mongodb-e2e.e2e.test.ts[2m > [22m[2mE2E: MongoDB Collections and Indexes[2m > [22m[2mensures search indexes according to the live deployment
[22m[39m20:10:28.094 [memory:mongodb:schema] info: created events text search index

[90mstdout[2m | src/mongodb-e2e.e2e.test.ts[2m > [22m[2mE2E: MongoDB Collections and Indexes[2m > [22m[2mensures search indexes according to the live deployment
[22m[39m20:10:28.137 [memory:mongodb:schema] info: created events vector search index

[90mstdout[2m | src/mongodb-e2e.e2e.test.ts[2m > [22m[2mE2E: MongoDB Collections and Indexes[2m > [22m[2mensures search indexes according to the live deployment
[22m[39m20:10:28.205 [memory:mongodb:schema] info: created query_cache vector search index

[90mstdout[2m | src/mongodb-e2e.e2e.test.ts[2m > [22m[2mE2E: MongoDB Collections and Indexes[2m > [22m[2mensures search indexes according to the live deployment
[22m[39m20:10:28.253 [memory:mongodb:schema] info: created session_chunks text search index

[90mstdout[2m | src/mongodb-e2e.e2e.test.ts[2m > [22m[2mE2E: MongoDB Collections and Indexes[2m > [22m[2mensures search indexes according to the live deployment
[22m[39m20:10:28.295 [memory:mongodb:schema] info: created session_chunks vector search index

[90mstdout[2m | src/mongodb-e2e.e2e.test.ts[2m > [22m[2mE2E: MongoDB Collections and Indexes[2m > [22m[2mensures search indexes according to the live deployment
[22m[39m20:10:28.328 [memory:mongodb:schema] info: created entity autocomplete search index

[90mstdout[2m | src/mongodb-e2e.e2e.test.ts[2m > [22m[2mE2E: MongoDB Collections and Indexes[2m > [22m[2mensures search indexes according to the live deployment
[22m[39m20:10:28.358 [memory:mongodb:schema] info: created episode autocomplete search index

[90mstdout[2m | src/mongodb-e2e.e2e.test.ts[2m > [22m[2mE2E: Capability Detection[2m > [22m[2mmatches the live deployment's actual search capabilities
[22m[39m20:10:28.388 [memory:mongodb:capabilities] info: capability rerank-stage disabled: blocked on Atlas Search Preview; Atlas-managed deployments only; fix-plan-2026-08-03 P3.6 — adopt when $rerank reaches GA
20:10:28.389 [memory:mongodb:capabilities] info: capability lexical-prefilters disabled: blocked on Atlas Search Preview; fix-plan-2026-08-03 P3.6 — adopt when lexical prefilters reach GA
20:10:28.389 [memory:mongodb:capabilities] info: capability flat-indexes disabled: requires MongoDB >= 8.3.7; fix-plan-2026-08-03 P3.6 — drop the env opt-in when flat indexingMethod is GA
20:10:28.389 [memory:mongodb:schema] info: detected capabilities: {"vectorSearch":false,"textSearch":false,"scoreFusion":true,"rankFusion":true,"storedSource":false,"vectorIndexMethod":false,"capabilityGates":{"vector-stored-source":true,"autoembed-quantization":true,"rerank-stage":false,"lexical-prefilters":false,"flat-indexes":false}}

[90mstdout[2m | src/mongodb-e2e.e2e.test.ts[2m > [22m[2mE2E: Sync Workflow[2m > [22m[2msyncs memory files to MongoDB
[22m[39m20:10:28.417 [memory:mongodb:sync] info: sync: found 2 memory files on disk (reason=manual)

[90mstdout[2m | src/mongodb-e2e.e2e.test.ts[2m > [22m[2mE2E: Sync Workflow[2m > [22m[2msyncs memory files to MongoDB
[22m[39m20:10:28.417 [memory:mongodb:sync] info: sync: 2/2 memory files need re-indexing

[90mstdout[2m | src/mongodb-e2e.e2e.test.ts[2m > [22m[2mE2E: Sync Workflow[2m > [22m[2msyncs memory files to MongoDB
[22m[39m20:10:28.431 [memory:mongodb:sync] info: sync complete: memory=2 conversation=0 chunks=2 stale=0 failed=0

[90mstdout[2m | src/mongodb-e2e.e2e.test.ts[2m > [22m[2mE2E: Sync Workflow[2m > [22m[2mskips unchanged files on re-sync
[22m[39m20:10:28.440 [memory:mongodb:sync] info: sync: found 2 memory files on disk (reason=manual)

[90mstdout[2m | src/mongodb-e2e.e2e.test.ts[2m > [22m[2mE2E: Sync Workflow[2m > [22m[2mskips unchanged files on re-sync
[22m[39m20:10:28.441 [memory:mongodb:sync] info: sync: 0/2 memory files need re-indexing

[90mstdout[2m | src/mongodb-e2e.e2e.test.ts[2m > [22m[2mE2E: Sync Workflow[2m > [22m[2mskips unchanged files on re-sync
[22m[39m20:10:28.442 [memory:mongodb:sync] info: sync complete: memory=0 conversation=0 chunks=0 stale=0 failed=0

[90mstdout[2m | src/mongodb-e2e.e2e.test.ts[2m > [22m[2mE2E: Sync Workflow[2m > [22m[2mre-indexes when file content changes
[22m[39m20:10:28.444 [memory:mongodb:sync] info: sync: found 2 memory files on disk (reason=manual)

[90mstdout[2m | src/mongodb-e2e.e2e.test.ts[2m > [22m[2mE2E: Sync Workflow[2m > [22m[2mre-indexes when file content changes
[22m[39m20:10:28.446 [memory:mongodb:sync] info: sync: 1/2 memory files need re-indexing

[90mstdout[2m | src/mongodb-e2e.e2e.test.ts[2m > [22m[2mE2E: Sync Workflow[2m > [22m[2mre-indexes when file content changes
[22m[39m20:10:28.452 [memory:mongodb:sync] info: sync complete: memory=1 conversation=0 chunks=1 stale=0 failed=0

[90mstdout[2m | src/mongodb-e2e.e2e.test.ts[2m > [22m[2mE2E: Sync Workflow[2m > [22m[2mforce re-indexes all files
[22m[39m20:10:28.454 [memory:mongodb:sync] info: sync: found 2 memory files on disk (reason=manual)

[90mstdout[2m | src/mongodb-e2e.e2e.test.ts[2m > [22m[2mE2E: Sync Workflow[2m > [22m[2mforce re-indexes all files
[22m[39m20:10:28.455 [memory:mongodb:sync] info: sync: 2/2 memory files need re-indexing

[90mstdout[2m | src/mongodb-e2e.e2e.test.ts[2m > [22m[2mE2E: Sync Workflow[2m > [22m[2mforce re-indexes all files
[22m[39m20:10:28.466 [memory:mongodb:sync] info: sync complete: memory=2 conversation=0 chunks=2 stale=0 failed=0

[90mstdout[2m | src/mongodb-e2e.e2e.test.ts[2m > [22m[2mE2E: Sync Workflow[2m > [22m[2mdeletes stale chunks when files are removed
[22m[39m20:10:28.468 [memory:mongodb:sync] info: sync: found 1 memory files on disk (reason=manual)

[90mstdout[2m | src/mongodb-e2e.e2e.test.ts[2m > [22m[2mE2E: Sync Workflow[2m > [22m[2mdeletes stale chunks when files are removed
[22m[39m20:10:28.468 [memory:mongodb:sync] info: sync: 0/1 memory files need re-indexing

[90mstdout[2m | src/mongodb-e2e.e2e.test.ts[2m > [22m[2mE2E: Sync Workflow[2m > [22m[2mdeletes stale chunks when files are removed
[22m[39m20:10:28.470 [memory:mongodb:sync] info: sync: removed 1 stale chunks
20:10:28.470 [memory:mongodb:sync] info: sync complete: memory=0 conversation=0 chunks=0 stale=1 failed=0

[90mstdout[2m | src/mongodb-e2e.e2e.test.ts[2m > [22m[2mE2E: Sync Workflow[2m > [22m[2mreports progress during sync
[22m[39m20:10:28.480 [memory:mongodb:sync] info: sync: found 3 memory files on disk (reason=manual)

[90mstdout[2m | src/mongodb-e2e.e2e.test.ts[2m > [22m[2mE2E: Sync Workflow[2m > [22m[2mreports progress during sync
[22m[39m20:10:28.481 [memory:mongodb:sync] info: sync: 3/3 memory files need re-indexing

[90mstdout[2m | src/mongodb-e2e.e2e.test.ts[2m > [22m[2mE2E: Sync Workflow[2m > [22m[2mreports progress during sync
[22m[39m20:10:28.491 [memory:mongodb:sync] info: sync complete: memory=3 conversation=0 chunks=3 stale=0 failed=0

[90mstdout[2m | src/mongodb-e2e.e2e.test.ts[2m > [22m[2mE2E: $text Search fallback
[22m[39m20:10:28.502 [memory:mongodb:schema] info: applied schema validation to e2e_chunks

[90mstdout[2m | src/mongodb-e2e.e2e.test.ts[2m > [22m[2mE2E: $text Search fallback
[22m[39m20:10:28.504 [memory:mongodb:schema] info: applied schema validation to e2e_knowledge_base

[90mstdout[2m | src/mongodb-e2e.e2e.test.ts[2m > [22m[2mE2E: $text Search fallback
[22m[39m20:10:28.507 [memory:mongodb:schema] info: applied schema validation to e2e_kb_chunks

[90mstdout[2m | src/mongodb-e2e.e2e.test.ts[2m > [22m[2mE2E: $text Search fallback
[22m[39m20:10:28.511 [memory:mongodb:schema] info: applied schema validation to e2e_structured_mem

[90mstdout[2m | src/mongodb-e2e.e2e.test.ts[2m > [22m[2mE2E: $text Search fallback
[22m[39m20:10:28.514 [memory:mongodb:schema] info: applied schema validation to e2e_structured_mem_revisions

[90mstdout[2m | src/mongodb-e2e.e2e.test.ts[2m > [22m[2mE2E: $text Search fallback
[22m[39m20:10:28.516 [memory:mongodb:schema] info: applied schema validation to e2e_procedures

[90mstdout[2m | src/mongodb-e2e.e2e.test.ts[2m > [22m[2mE2E: $text Search fallback
[22m[39m20:10:28.518 [memory:mongodb:schema] info: applied schema validation to e2e_procedure_revisions

[90mstdout[2m | src/mongodb-e2e.e2e.test.ts[2m > [22m[2mE2E: $text Search fallback
[22m[39m20:10:28.520 [memory:mongodb:schema] info: applied schema validation to e2e_relevance_runs

[90mstdout[2m | src/mongodb-e2e.e2e.test.ts[2m > [22m[2mE2E: $text Search fallback
[22m[39m20:10:28.521 [memory:mongodb:schema] info: applied schema validation to e2e_relevance_artifacts

[90mstdout[2m | src/mongodb-e2e.e2e.test.ts[2m > [22m[2mE2E: $text Search fallback
[22m[39m20:10:28.523 [memory:mongodb:schema] info: applied schema validation to e2e_relevance_regressions

[90mstdout[2m | src/mongodb-e2e.e2e.test.ts[2m > [22m[2mE2E: $text Search fallback
[22m[39m20:10:28.525 [memory:mongodb:schema] info: applied schema validation to e2e_events

[90mstdout[2m | src/mongodb-e2e.e2e.test.ts[2m > [22m[2mE2E: $text Search fallback
[22m[39m20:10:28.527 [memory:mongodb:schema] info: applied schema validation to e2e_entities

[90mstdout[2m | src/mongodb-e2e.e2e.test.ts[2m > [22m[2mE2E: $text Search fallback
[22m[39m20:10:28.529 [memory:mongodb:schema] info: applied schema validation to e2e_relations

[90mstdout[2m | src/mongodb-e2e.e2e.test.ts[2m > [22m[2mE2E: $text Search fallback
[22m[39m20:10:28.531 [memory:mongodb:schema] info: applied schema validation to e2e_entity_links

[90mstdout[2m | src/mongodb-e2e.e2e.test.ts[2m > [22m[2mE2E: $text Search fallback
[22m[39m20:10:28.533 [memory:mongodb:schema] info: applied schema validation to e2e_episodes

[90mstdout[2m | src/mongodb-e2e.e2e.test.ts[2m > [22m[2mE2E: $text Search fallback
[22m[39m20:10:28.535 [memory:mongodb:schema] info: applied schema validation to e2e_ingest_runs

[90mstdout[2m | src/mongodb-e2e.e2e.test.ts[2m > [22m[2mE2E: $text Search fallback
[22m[39m20:10:28.536 [memory:mongodb:schema] info: applied schema validation to e2e_projection_runs

[90mstdout[2m | src/mongodb-e2e.e2e.test.ts[2m > [22m[2mE2E: $text Search fallback
[22m[39m20:10:28.538 [memory:mongodb:schema] info: applied schema validation to e2e_query_cache

[90mstdout[2m | src/mongodb-e2e.e2e.test.ts[2m > [22m[2mE2E: $text Search fallback
[22m[39m20:10:28.540 [memory:mongodb:schema] info: applied schema validation to e2e_memory_mutations

[90mstdout[2m | src/mongodb-e2e.e2e.test.ts[2m > [22m[2mE2E: $text Search fallback
[22m[39m20:10:28.541 [memory:mongodb:schema] info: applied schema validation to e2e_recall_traces

[90mstdout[2m | src/mongodb-e2e.e2e.test.ts[2m > [22m[2mE2E: $text Search fallback
[22m[39m20:10:28.544 [memory:mongodb:schema] info: applied schema validation to e2e_memory_jobs

[90mstdout[2m | src/mongodb-e2e.e2e.test.ts[2m > [22m[2mE2E: $text Search fallback
[22m[39m20:10:28.547 [memory:mongodb:schema] info: applied schema validation to e2e_memory_quarantine

[90mstdout[2m | src/mongodb-e2e.e2e.test.ts[2m > [22m[2mE2E: $text Search fallback
[22m[39m20:10:28.549 [memory:mongodb:schema] info: applied schema validation to e2e_files

[90mstdout[2m | src/mongodb-e2e.e2e.test.ts[2m > [22m[2mE2E: $text Search fallback
[22m[39m20:10:28.590 [memory:mongodb:schema] info: ensured 44 standard indexes

[90mstdout[2m | src/mongodb-e2e.e2e.test.ts[2m > [22m[2mE2E: $text Search fallback
[22m[39m20:10:28.593 [memory:mongodb:sync] info: sync: found 2 memory files on disk (reason=manual)

[90mstdout[2m | src/mongodb-e2e.e2e.test.ts[2m > [22m[2mE2E: $text Search fallback
[22m[39m20:10:28.593 [memory:mongodb:sync] info: sync: 2/2 memory files need re-indexing

[90mstdout[2m | src/mongodb-e2e.e2e.test.ts[2m > [22m[2mE2E: $text Search fallback
[22m[39m20:10:28.605 [memory:mongodb:sync] info: sync complete: memory=2 conversation=0 chunks=2 stale=0 failed=0

[90mstdout[2m | src/mongodb-e2e.e2e.test.ts[2m > [22m[2mE2E: mongoSearch dispatcher fallback
[22m[39m20:10:28.625 [memory:mongodb:schema] info: applied schema validation to e2e_chunks

[90mstdout[2m | src/mongodb-e2e.e2e.test.ts[2m > [22m[2mE2E: mongoSearch dispatcher fallback
[22m[39m20:10:28.631 [memory:mongodb:schema] info: applied schema validation to e2e_knowledge_base

[90mstdout[2m | src/mongodb-e2e.e2e.test.ts[2m > [22m[2mE2E: mongoSearch dispatcher fallback
[22m[39m20:10:28.634 [memory:mongodb:schema] info: applied schema validation to e2e_kb_chunks

[90mstdout[2m | src/mongodb-e2e.e2e.test.ts[2m > [22m[2mE2E: mongoSearch dispatcher fallback
[22m[39m20:10:28.636 [memory:mongodb:schema] info: applied schema validation to e2e_structured_mem

[90mstdout[2m | src/mongodb-e2e.e2e.test.ts[2m > [22m[2mE2E: mongoSearch dispatcher fallback
[22m[39m20:10:28.640 [memory:mongodb:schema] info: applied schema validation to e2e_structured_mem_revisions

[90mstdout[2m | src/mongodb-e2e.e2e.test.ts[2m > [22m[2mE2E: mongoSearch dispatcher fallback
[22m[39m20:10:28.645 [memory:mongodb:schema] info: applied schema validation to e2e_procedures

[90mstdout[2m | src/mongodb-e2e.e2e.test.ts[2m > [22m[2mE2E: mongoSearch dispatcher fallback
[22m[39m20:10:28.652 [memory:mongodb:schema] info: applied schema validation to e2e_procedure_revisions

[90mstdout[2m | src/mongodb-e2e.e2e.test.ts[2m > [22m[2mE2E: mongoSearch dispatcher fallback
[22m[39m20:10:28.671 [memory:mongodb:schema] info: applied schema validation to e2e_relevance_runs

[90mstdout[2m | src/mongodb-e2e.e2e.test.ts[2m > [22m[2mE2E: mongoSearch dispatcher fallback
[22m[39m20:10:28.680 [memory:mongodb:schema] info: applied schema validation to e2e_relevance_artifacts

[90mstdout[2m | src/mongodb-e2e.e2e.test.ts[2m > [22m[2mE2E: mongoSearch dispatcher fallback
[22m[39m20:10:28.683 [memory:mongodb:schema] info: applied schema validation to e2e_relevance_regressions

[90mstdout[2m | src/mongodb-e2e.e2e.test.ts[2m > [22m[2mE2E: mongoSearch dispatcher fallback
[22m[39m20:10:28.690 [memory:mongodb:schema] info: applied schema validation to e2e_events

[90mstdout[2m | src/mongodb-e2e.e2e.test.ts[2m > [22m[2mE2E: mongoSearch dispatcher fallback
[22m[39m20:10:28.693 [memory:mongodb:schema] info: applied schema validation to e2e_entities

[90mstdout[2m | src/mongodb-e2e.e2e.test.ts[2m > [22m[2mE2E: mongoSearch dispatcher fallback
[22m[39m20:10:28.696 [memory:mongodb:schema] info: applied schema validation to e2e_relations

[90mstdout[2m | src/mongodb-e2e.e2e.test.ts[2m > [22m[2mE2E: mongoSearch dispatcher fallback
[22m[39m20:10:28.699 [memory:mongodb:schema] info: applied schema validation to e2e_entity_links

[90mstdout[2m | src/mongodb-e2e.e2e.test.ts[2m > [22m[2mE2E: mongoSearch dispatcher fallback
[22m[39m20:10:28.704 [memory:mongodb:schema] info: applied schema validation to e2e_episodes

[90mstdout[2m | src/mongodb-e2e.e2e.test.ts[2m > [22m[2mE2E: mongoSearch dispatcher fallback
[22m[39m20:10:28.706 [memory:mongodb:schema] info: applied schema validation to e2e_ingest_runs

[90mstdout[2m | src/mongodb-e2e.e2e.test.ts[2m > [22m[2mE2E: mongoSearch dispatcher fallback
[22m[39m20:10:28.708 [memory:mongodb:schema] info: applied schema validation to e2e_projection_runs

[90mstdout[2m | src/mongodb-e2e.e2e.test.ts[2m > [22m[2mE2E: mongoSearch dispatcher fallback
[22m[39m20:10:28.710 [memory:mongodb:schema] info: applied schema validation to e2e_query_cache

[90mstdout[2m | src/mongodb-e2e.e2e.test.ts[2m > [22m[2mE2E: mongoSearch dispatcher fallback
[22m[39m20:10:28.725 [memory:mongodb:schema] info: applied schema validation to e2e_memory_mutations

[90mstdout[2m | src/mongodb-e2e.e2e.test.ts[2m > [22m[2mE2E: mongoSearch dispatcher fallback
[22m[39m20:10:28.731 [memory:mongodb:schema] info: applied schema validation to e2e_recall_traces

[90mstdout[2m | src/mongodb-e2e.e2e.test.ts[2m > [22m[2mE2E: mongoSearch dispatcher fallback
[22m[39m20:10:28.735 [memory:mongodb:schema] info: applied schema validation to e2e_memory_jobs

[90mstdout[2m | src/mongodb-e2e.e2e.test.ts[2m > [22m[2mE2E: mongoSearch dispatcher fallback
[22m[39m20:10:28.737 [memory:mongodb:schema] info: applied schema validation to e2e_memory_quarantine

[90mstdout[2m | src/mongodb-e2e.e2e.test.ts[2m > [22m[2mE2E: mongoSearch dispatcher fallback
[22m[39m20:10:28.739 [memory:mongodb:schema] info: applied schema validation to e2e_files

[90mstdout[2m | src/mongodb-e2e.e2e.test.ts[2m > [22m[2mE2E: mongoSearch dispatcher fallback
[22m[39m20:10:28.779 [memory:mongodb:schema] info: ensured 44 standard indexes

[90mstdout[2m | src/mongodb-e2e.e2e.test.ts[2m > [22m[2mE2E: mongoSearch dispatcher fallback
[22m[39m20:10:28.782 [memory:mongodb:sync] info: sync: found 2 memory files on disk (reason=manual)

[90mstdout[2m | src/mongodb-e2e.e2e.test.ts[2m > [22m[2mE2E: mongoSearch dispatcher fallback
[22m[39m20:10:28.783 [memory:mongodb:sync] info: sync: 2/2 memory files need re-indexing

[90mstdout[2m | src/mongodb-e2e.e2e.test.ts[2m > [22m[2mE2E: mongoSearch dispatcher fallback
[22m[39m20:10:28.791 [memory:mongodb:sync] info: sync complete: memory=2 conversation=0 chunks=2 stale=0 failed=0

[90mstdout[2m | src/mongodb-e2e.e2e.test.ts[2m > [22m[2mE2E: mongoSearch dispatcher fallback[2m > [22m[2mranks a nonsense query below a genuine match instead of inventing relevance
[22m[39m20:10:28.811 [memory:mongodb:capabilities] info: capability rerank-stage disabled: blocked on Atlas Search Preview; Atlas-managed deployments only; fix-plan-2026-08-03 P3.6 — adopt when $rerank reaches GA
20:10:28.811 [memory:mongodb:capabilities] info: capability lexical-prefilters disabled: blocked on Atlas Search Preview; fix-plan-2026-08-03 P3.6 — adopt when lexical prefilters reach GA
20:10:28.811 [memory:mongodb:capabilities] info: capability flat-indexes disabled: requires MongoDB >= 8.3.7; fix-plan-2026-08-03 P3.6 — drop the env opt-in when flat indexingMethod is GA
20:10:28.811 [memory:mongodb:schema] info: detected capabilities: {"vectorSearch":false,"textSearch":true,"scoreFusion":true,"rankFusion":true,"storedSource":false,"vectorIndexMethod":false,"capabilityGates":{"vector-stored-source":true,"autoembed-quantization":true,"rerank-stage":false,"lexical-prefilters":false,"flat-indexes":false}}

[90mstdout[2m | src/mongodb-e2e.e2e.test.ts[2m > [22m[2mE2E: mongoSearch dispatcher fallback[2m > [22m[2mrespects maxResults limit
[22m[39m20:10:28.838 [memory:mongodb:capabilities] info: capability rerank-stage disabled: blocked on Atlas Search Preview; Atlas-managed deployments only; fix-plan-2026-08-03 P3.6 — adopt when $rerank reaches GA
20:10:28.838 [memory:mongodb:capabilities] info: capability lexical-prefilters disabled: blocked on Atlas Search Preview; fix-plan-2026-08-03 P3.6 — adopt when lexical prefilters reach GA
20:10:28.838 [memory:mongodb:capabilities] info: capability flat-indexes disabled: requires MongoDB >= 8.3.7; fix-plan-2026-08-03 P3.6 — drop the env opt-in when flat indexingMethod is GA
20:10:28.838 [memory:mongodb:schema] info: detected capabilities: {"vectorSearch":false,"textSearch":true,"scoreFusion":true,"rankFusion":true,"storedSource":false,"vectorIndexMethod":false,"capabilityGates":{"vector-stored-source":true,"autoembed-quantization":true,"rerank-stage":false,"lexical-prefilters":false,"flat-indexes":false}}

[90mstdout[2m | src/mongodb-e2e.e2e.test.ts[2m > [22m[2mE2E: Chunk IDs and Deduplication
[22m[39m20:10:28.850 [memory:mongodb:sync] info: sync: found 1 memory files on disk (reason=manual)

[90mstdout[2m | src/mongodb-e2e.e2e.test.ts[2m > [22m[2mE2E: Chunk IDs and Deduplication
[22m[39m20:10:28.851 [memory:mongodb:sync] info: sync: 1/1 memory files need re-indexing

[90mstdout[2m | src/mongodb-e2e.e2e.test.ts[2m > [22m[2mE2E: Chunk IDs and Deduplication
[22m[39m20:10:28.854 [memory:mongodb:sync] info: sync complete: memory=1 conversation=0 chunks=1 stale=0 failed=0

[90mstdout[2m | src/mongodb-e2e.e2e.test.ts[2m > [22m[2mE2E: Chunk IDs and Deduplication[2m > [22m[2mre-sync upserts (not duplicates) existing chunks
[22m[39m20:10:28.857 [memory:mongodb:sync] info: sync: found 1 memory files on disk (reason=manual)

[90mstdout[2m | src/mongodb-e2e.e2e.test.ts[2m > [22m[2mE2E: Chunk IDs and Deduplication[2m > [22m[2mre-sync upserts (not duplicates) existing chunks
[22m[39m20:10:28.857 [memory:mongodb:sync] info: sync: 1/1 memory files need re-indexing

[90mstdout[2m | src/mongodb-e2e.e2e.test.ts[2m > [22m[2mE2E: Chunk IDs and Deduplication[2m > [22m[2mre-sync upserts (not duplicates) existing chunks
[22m[39m20:10:28.862 [memory:mongodb:sync] info: sync complete: memory=1 conversation=0 chunks=1 stale=0 failed=0

[90mstdout[2m | src/mongodb-e2e.e2e.test.ts[2m > [22m[2mE2E: Transactions (replica set)[2m > [22m[2msyncToMongoDB uses transactions when client is provided on replica set
[22m[39m20:10:28.871 [memory:mongodb:sync] info: sync: found 1 memory files on disk (reason=manual)

[90mstdout[2m | src/mongodb-e2e.e2e.test.ts[2m > [22m[2mE2E: Transactions (replica set)[2m > [22m[2msyncToMongoDB uses transactions when client is provided on replica set
[22m[39m20:10:28.872 [memory:mongodb:sync] info: sync: 1/1 memory files need re-indexing

[90mstdout[2m | src/mongodb-e2e.e2e.test.ts[2m > [22m[2mE2E: Transactions (replica set)[2m > [22m[2msyncToMongoDB uses transactions when client is provided on replica set
[22m[39m20:10:28.879 [memory:mongodb:sync] info: sync complete: memory=1 conversation=0 chunks=1 stale=0 failed=0

[90mstdout[2m | src/mongodb-e2e.e2e.test.ts[2m > [22m[2mE2E: Transactions (replica set)[2m > [22m[2mtransaction commit is atomic — all-or-nothing per file
[22m[39m20:10:28.883 [memory:mongodb:sync] info: sync: found 1 memory files on disk (reason=manual)

[90mstdout[2m | src/mongodb-e2e.e2e.test.ts[2m > [22m[2mE2E: Transactions (replica set)[2m > [22m[2mtransaction commit is atomic — all-or-nothing per file
[22m[39m20:10:28.883 [memory:mongodb:sync] info: sync: 1/1 memory files need re-indexing

[90mstdout[2m | src/mongodb-e2e.e2e.test.ts[2m > [22m[2mE2E: Transactions (replica set)[2m > [22m[2mtransaction commit is atomic — all-or-nothing per file
[22m[39m20:10:28.888 [memory:mongodb:sync] info: sync complete: memory=1 conversation=0 chunks=1 stale=0 failed=0

[90mstdout[2m | src/mongodb-e2e.e2e.test.ts[2m > [22m[2mE2E: Transactions (replica set)[2m > [22m[2mstale file cleanup works transactionally
[22m[39m20:10:28.890 [memory:mongodb:sync] info: sync: found 0 memory files on disk (reason=manual)
20:10:28.890 [memory:mongodb:sync] info: sync: 0/0 memory files need re-indexing

[90mstdout[2m | src/mongodb-e2e.e2e.test.ts[2m > [22m[2mE2E: Transactions (replica set)[2m > [22m[2mstale file cleanup works transactionally
[22m[39m20:10:28.893 [memory:mongodb:sync] info: sync: removed 1 stale chunks
20:10:28.893 [memory:mongodb:sync] info: sync complete: memory=0 conversation=0 chunks=0 stale=1 failed=0

[90mstderr[2m | src/mongodb-e2e.e2e.test.ts[2m > [22m[2mE2E: TTL Indexes[2m > [22m[2mcreates TTL index on files when memoryTtlDays > 0
[22m[39m20:10:28.915 [memory:mongodb:schema] warn: created TTL index on files: 90 days — old memory files will be auto-deleted

[90mstdout[2m | src/mongodb-e2e.e2e.test.ts[2m > [22m[2mE2E: TTL Indexes[2m > [22m[2mcreates TTL index on files when memoryTtlDays > 0
[22m[39m20:10:28.951 [memory:mongodb:schema] info: ensured 44 standard indexes

[90mstdout[2m | src/mongodb-e2e.e2e.test.ts[2m > [22m[2mE2E: TTL Indexes[2m > [22m[2mskips files TTL index when memoryTtlDays is 0
[22m[39m20:10:29.000 [memory:mongodb:schema] info: ensured 44 standard indexes

[90mstdout[2m | src/mongodb-e2e.e2e.test.ts[2m > [22m[2mE2E: Analytics (getMemoryStats)
[22m[39m20:10:29.006 [memory:mongodb:sync] info: sync: found 2 memory files on disk (reason=manual)

[90mstdout[2m | src/mongodb-e2e.e2e.test.ts[2m > [22m[2mE2E: Analytics (getMemoryStats)
[22m[39m20:10:29.007 [memory:mongodb:sync] info: sync: 2/2 memory files need re-indexing

[90mstdout[2m | src/mongodb-e2e.e2e.test.ts[2m > [22m[2mE2E: Analytics (getMemoryStats)
[22m[39m20:10:29.025 [memory:mongodb:sync] info: sync complete: memory=2 conversation=0 chunks=2 stale=0 failed=0

[90mstdout[2m | src/mongodb-e2e.e2e.test.ts[2m > [22m[2mE2E: Analytics (getMemoryStats)[2m > [22m[2mreturns non-zero totals for synced data
[22m[39m20:10:29.036 [memory:mongodb:analytics] info: stats: files=2 chunks=2 embeddingStatus={basis=stored-vector,success=0,failed=0,pending=2,unknown=0} stale=0

[90mstdout[2m | src/mongodb-e2e.e2e.test.ts[2m > [22m[2mE2E: Analytics (getMemoryStats)[2m > [22m[2mreports embedding coverage (automated mode has no embeddings)
[22m[39m20:10:29.042 [memory:mongodb:analytics] info: stats: files=2 chunks=2 embeddingStatus={basis=stored-vector,success=0,failed=0,pending=2,unknown=0} stale=0

[90mstdout[2m | src/mongodb-e2e.e2e.test.ts[2m > [22m[2mE2E: Analytics (getMemoryStats)[2m > [22m[2mdetects stale files when validPaths provided
[22m[39m20:10:29.049 [memory:mongodb:analytics] info: stats: files=2 chunks=2 embeddingStatus={basis=stored-vector,success=0,failed=0,pending=2,unknown=0} stale=1

[90mstdout[2m | src/mongodb-e2e.e2e.test.ts[2m > [22m[2mE2E: Analytics (getMemoryStats)[2m > [22m[2mreports collection sizes
[22m[39m20:10:29.054 [memory:mongodb:analytics] info: stats: files=2 chunks=2 embeddingStatus={basis=stored-vector,success=0,failed=0,pending=2,unknown=0} stale=0

[90mstdout[2m | src/mongodb-e2e.e2e.test.ts[2m > [22m[2mE2E: Change Streams[2m > [22m[2mstarts change stream watcher on replica set
[22m[39m20:10:29.056 [memory:mongodb:changestream] info: change stream started

[90mstdout[2m | src/mongodb-e2e.e2e.test.ts[2m > [22m[2mE2E: Change Streams[2m > [22m[2mstarts change stream watcher on replica set
[22m[39m20:10:29.057 [memory:mongodb:changestream] info: change stream closed

[90mstdout[2m | src/mongodb-e2e.e2e.test.ts[2m > [22m[2mE2E: Change Streams[2m > [22m[2mdetects insert events via change stream
[22m[39m20:10:29.057 [memory:mongodb:changestream] info: change stream started

[90mstdout[2m | src/mongodb-e2e.e2e.test.ts[2m > [22m[2mE2E: Change Streams[2m > [22m[2mdetects insert events via change stream
[22m[39m20:10:29.469 [memory:mongodb:changestream] info: change stream closed

[90mstdout[2m | src/mongodb-e2e.e2e.test.ts[2m > [22m[2mE2E v2: event -> chunk projection[2m > [22m[2mwrites event, projects chunk, retrieves via search
[22m[39m20:10:29.479 [memory:mongodb:events] info: event written: 0d86b2d8-c80e-4579-8fdb-8d57631e729e role=user

[90mstdout[2m | src/mongodb-e2e.e2e.test.ts[2m > [22m[2mE2E v2: event -> chunk projection[2m > [22m[2mwrites event, projects chunk, retrieves via search
[22m[39m20:10:29.496 [memory:mongodb:events] info: projected 1 chunks from 1 events for agent=e2e-evt-291eb26b-9a09-4a81-b67a-6cd4ba106f49

[90mstdout[2m | src/mongodb-e2e.e2e.test.ts[2m > [22m[2mE2E v2: structured memory with scope[2m > [22m[2mwrites structured entries with different scopes
[22m[39m20:10:29.507 [memory:mongodb:structured] info: structured memory created: type=preference key=*** revision=1

[90mstdout[2m | src/mongodb-e2e.e2e.test.ts[2m > [22m[2mE2E v2: structured memory with scope[2m > [22m[2mwrites structured entries with different scopes
[22m[39m20:10:29.515 [memory:mongodb:structured] info: structured memory created: type=preference key=*** revision=1

[90mstdout[2m | src/mongodb-e2e.e2e.test.ts[2m > [22m[2mE2E v2: structured memory with scope[2m > [22m[2mpreserves superseded structured values in the revisions collection
[22m[39m20:10:29.522 [memory:mongodb:structured] info: structured memory created: type=decision key=*** revision=1

[90mstdout[2m | src/mongodb-e2e.e2e.test.ts[2m > [22m[2mE2E v2: structured memory with scope[2m > [22m[2mpreserves superseded structured values in the revisions collection
[22m[39m20:10:29.528 [memory:mongodb:structured] info: structured memory updated: type=decision key=*** revision=2

[90mstdout[2m | src/mongodb-e2e.e2e.test.ts[2m > [22m[2mE2E v2: graph expansion[2m > [22m[2mcreates entities and relations, expands graph via $graphLookup
[22m[39m20:10:29.540 [memory:mongodb:graph] info: entity created: de9ca476-82ff-41a8-b920-4fe63da08abc name=Rom

[90mstdout[2m | src/mongodb-e2e.e2e.test.ts[2m > [22m[2mE2E v2: graph expansion[2m > [22m[2mcreates entities and relations, expands graph via $graphLookup
[22m[39m20:10:29.542 [memory:mongodb:graph] info: entity created: 62906c95-81ca-4942-b9c2-73b6fa47d862 name=Memongo

[90mstdout[2m | src/mongodb-e2e.e2e.test.ts[2m > [22m[2mE2E v2: graph expansion[2m > [22m[2mcreates entities and relations, expands graph via $graphLookup
[22m[39m20:10:29.545 [memory:mongodb:graph] info: relation created: de9ca476-82ff-41a8-b920-4fe63da08abc -[works_on]-> 62906c95-81ca-4942-b9c2-73b6fa47d862

[90mstdout[2m | src/mongodb-e2e.e2e.test.ts[2m > [22m[2mE2E v2: graph expansion[2m > [22m[2mstores candidate links as reversible records and keeps same-name entities isolated by scope
[22m[39m20:10:29.550 [memory:mongodb:graph] info: entity created: 10fe6933-139c-441f-952e-ecf0b745d769 name=Alex

[90mstdout[2m | src/mongodb-e2e.e2e.test.ts[2m > [22m[2mE2E v2: graph expansion[2m > [22m[2mstores candidate links as reversible records and keeps same-name entities isolated by scope
[22m[39m20:10:29.553 [memory:mongodb:graph] info: entity created: 4d6b0b06-29ee-4005-9959-0cafebb8afa2 name=Alex

[90mstdout[2m | src/mongodb-e2e.e2e.test.ts[2m > [22m[2mE2E v2: episode materialization[2m > [22m[2mwrites events, materializes episode, searches episode
[22m[39m20:10:29.565 [memory:mongodb:events] info: event written: 41f8fd4e-04eb-4a6e-9a3f-85a9d6d36d86 role=user

[90mstdout[2m | src/mongodb-e2e.e2e.test.ts[2m > [22m[2mE2E v2: episode materialization[2m > [22m[2mwrites events, materializes episode, searches episode
[22m[39m20:10:29.567 [memory:mongodb:events] info: event written: 1e396f1c-2171-41f3-8ff6-f3cf9cc9fb07 role=assistant

[90mstdout[2m | src/mongodb-e2e.e2e.test.ts[2m > [22m[2mE2E v2: episode materialization[2m > [22m[2mwrites events, materializes episode, searches episode
[22m[39m20:10:29.568 [memory:mongodb:events] info: event written: e5bf7022-d60f-4b2f-8aee-96c5aba8a73c role=user

[90mstdout[2m | src/mongodb-e2e.e2e.test.ts[2m > [22m[2mE2E v2: episode materialization[2m > [22m[2mwrites events, materializes episode, searches episode
[22m[39m20:10:29.570 [memory:mongodb:events] info: event written: 07db1811-f81a-47ad-af0b-d2f8f1f850fa role=assistant

[90mstdout[2m | src/mongodb-e2e.e2e.test.ts[2m > [22m[2mE2E v2: episode materialization[2m > [22m[2mwrites events, materializes episode, searches episode
[22m[39m20:10:29.572 [memory:mongodb:events] info: event written: 18e9ab9a-b7fb-4953-81ad-2854d1253b6b role=user

[90mstdout[2m | src/mongodb-e2e.e2e.test.ts[2m > [22m[2mE2E v2: episode materialization[2m > [22m[2mwrites events, materializes episode, searches episode
[22m[39m20:10:29.578 [memory:mongodb:episodes] info: episode materialized: 663b75e5-3a17-4a84-ae44-233a75916c65 type=daily events=5 agent=e2e-episode-cbb084dd-7c2c-4f0f-b5c9-24022a7cf0fb

[90mstdout[2m | src/mongodb-e2e.e2e.test.ts[2m > [22m[2mE2E v2: migration backfill[2m > [22m[2mbackfills events from existing v1 chunks
[22m[39m20:10:29.594 [memory:mongodb:migration] info: backfill complete: chunksProcessed=2 eventsCreated=2 skipped=0

[90mstdout[2m | src/mongodb-e2e.e2e.test.ts[2m > [22m[2mE2E v2: migration backfill[2m > [22m[2mbackfills events from existing v1 chunks
[22m[39m20:10:29.597 [memory:mongodb:migration] info: backfill complete: chunksProcessed=2 eventsCreated=0 skipped=0

 [32m✓[39m src/mongodb-e2e.e2e.test.ts [2m([22m[2m43 tests[22m[2m)[22m[33m 3635[2mms[22m[39m
     [33m[2m✓[22m[39m creates all required collections [33m 428[2mms[22m[39m
     [33m[2m✓[22m[39m refreshes validators on existing collections when the schema changes [33m 358[2mms[22m[39m
     [33m[2m✓[22m[39m creates standard indexes [33m 541[2mms[22m[39m
     [33m[2m✓[22m[39m ensures search indexes according to the live deployment [33m 624[2mms[22m[39m
     [33m[2m✓[22m[39m detects insert events via change stream [33m 415[2mms[22m[39m

[2m Test Files [22m [1m[32m1 passed[39m[22m[90m (1)[39m
[2m      Tests [22m [1m[32m43 passed[39m[22m[90m (43)[39m
[2m   Start at [22m 20:10:24
[2m   Duration [22m 4.98s[2m (transform 636ms, setup 0ms, import 1.24s, tests 3.64s, environment 0ms)[22m

