$ vitest run

[1m[30m[46m RUN [49m[39m[22m [36mv4.1.10 [39m[90m/Users/rom.iluz/Dev/memongo/packages/pi-extension[39m

 [32m✓[39m extensions/diagnostics.test.ts [2m([22m[2m12 tests[22m[2m)[22m[32m 6[2mms[22m[39m
 [32m✓[39m lifecycle.test.ts [2m([22m[2m37 tests[22m[2m)[22m[32m 19[2mms[22m[39m
[90mstderr[2m | index.test.ts[2m > [22m[2mP2.3 save/search scope self-consistency[2m > [22m[2msave and search hit the same scope by default (agent)
[22m[39m[memongo] auto-capture is off (default). Opt in with MEMONGO_PI_AUTO_CAPTURE=1 — opting in sends the raw text of your user and assistant turns (no redaction), plus session id, to your Memongo API under scope "agent". Disable with MEMONGO_PI_AUTO_CAPTURE=0.

[90mstderr[2m | index.test.ts[2m > [22m[2mP2.3 save/search scope self-consistency[2m > [22m[2mMEMONGO_PI_MEMORY_SCOPE drives BOTH directions
[22m[39m[memongo] auto-capture is off (default). Opt in with MEMONGO_PI_AUTO_CAPTURE=1 — opting in sends the raw text of your user and assistant turns (no redaction), plus session id, to your Memongo API under scope "workspace". Disable with MEMONGO_PI_AUTO_CAPTURE=0.

[90mstderr[2m | index.test.ts[2m > [22m[2mC-002 tool-path client body redaction[2m > [22m[2mmemongo_search reports an unavailable client without raw upstream bodies
[22m[39m[memongo] auto-capture is off (default). Opt in with MEMONGO_PI_AUTO_CAPTURE=1 — opting in sends the raw text of your user and assistant turns (no redaction), plus session id, to your Memongo API under scope "agent". Disable with MEMONGO_PI_AUTO_CAPTURE=0.

[90mstderr[2m | index.test.ts[2m > [22m[2mC-002 tool-path client body redaction[2m > [22m[2mmemongo_save reports an unavailable client without raw upstream bodies
[22m[39m[memongo] auto-capture is off (default). Opt in with MEMONGO_PI_AUTO_CAPTURE=1 — opting in sends the raw text of your user and assistant turns (no redaction), plus session id, to your Memongo API under scope "agent". Disable with MEMONGO_PI_AUTO_CAPTURE=0.

[90mstderr[2m | index.test.ts[2m > [22m[2mC-008 search envelope + save disposition[2m > [22m[2mmemongo_search wraps results in the quarantine envelope
[22m[39m[memongo] auto-capture is off (default). Opt in with MEMONGO_PI_AUTO_CAPTURE=1 — opting in sends the raw text of your user and assistant turns (no redaction), plus session id, to your Memongo API under scope "agent". Disable with MEMONGO_PI_AUTO_CAPTURE=0.

[90mstderr[2m | index.test.ts[2m > [22m[2mC-008 search envelope + save disposition[2m > [22m[2mmemongo_save surfaces a quarantined disposition instead of a clean save
[22m[39m[memongo] auto-capture is off (default). Opt in with MEMONGO_PI_AUTO_CAPTURE=1 — opting in sends the raw text of your user and assistant turns (no redaction), plus session id, to your Memongo API under scope "agent". Disable with MEMONGO_PI_AUTO_CAPTURE=0.

[90mstderr[2m | index.test.ts[2m > [22m[2mC-008 search envelope + save disposition[2m > [22m[2mmemongo_save reports a clean save when not quarantined
[22m[39m[memongo] auto-capture is off (default). Opt in with MEMONGO_PI_AUTO_CAPTURE=1 — opting in sends the raw text of your user and assistant turns (no redaction), plus session id, to your Memongo API under scope "agent". Disable with MEMONGO_PI_AUTO_CAPTURE=0.

[90mstderr[2m | index.test.ts[2m > [22m[2mC-016 probeClient background retry heals the session[2m > [22m[2mflips state.available after the API answers a background retry
[22m[39m[memongo] auto-capture is off (default). Opt in with MEMONGO_PI_AUTO_CAPTURE=1 — opting in sends the raw text of your user and assistant turns (no redaction), plus session id, to your Memongo API under scope "agent". Disable with MEMONGO_PI_AUTO_CAPTURE=0.

[90mstderr[2m | index.test.ts[2m > [22m[2mC-016 probeClient background retry heals the session[2m > [22m[2mbacks off exponentially and never exceeds the ceiling while the API stays down
[22m[39m[memongo] auto-capture is off (default). Opt in with MEMONGO_PI_AUTO_CAPTURE=1 — opting in sends the raw text of your user and assistant turns (no redaction), plus session id, to your Memongo API under scope "agent". Disable with MEMONGO_PI_AUTO_CAPTURE=0.

 [32m✓[39m index.test.ts [2m([22m[2m18 tests[22m[2m)[22m[32m 14[2mms[22m[39m

[2m Test Files [22m [1m[32m3 passed[39m[22m[90m (3)[39m
[2m      Tests [22m [1m[32m67 passed[39m[22m[90m (67)[39m
[2m   Start at [22m 15:08:51
[2m   Duration [22m 1.36s[2m (transform 250ms, setup 0ms, import 1.08s, tests 39ms, environment 0ms)[22m

