[canary] n≥3 discipline: runsPerCommit=3 runIntervalMs=2000 baseDir=/Users/rom.iluz/Dev/memongo/artifacts/canary-runs/gate3-strict-1pertype-n3-1778599299
[canary] run 1/3 using collectionPrefix=memongo_bench__run1_1778599335123
[canary] run=canary-run1-2026-05-12T15-22-15-126Z-9526bc1e runIndex=1 dataset=/Users/rom.iluz/.memongo/workspace/benchmarks/longmemeval_s_cleaned.json dryRun=false fullMode=false runDir=/Users/rom.iluz/Dev/memongo/artifacts/canary-runs/gate3-strict-1pertype-n3-1778599299/run-1
[canary] selected 6 evaluations across 6 types from 500 total
  knowledge-update: 1
  multi-session: 1
  single-session-assistant: 1
  single-session-preference: 1
  single-session-user: 1
  temporal-reasoning: 1
[canary] posting benchmark to http://127.0.0.1:3847/v1/admin/relevance/benchmark
[canary] complete. Artifact: /Users/rom.iluz/Dev/memongo/artifacts/canary-runs/gate3-strict-1pertype-n3-1778599299/run-1/canary-artifact.json
{
  "ok": true,
  "runId": "canary-run1-2026-05-12T15-22-15-126Z-9526bc1e",
  "runIndex": 1,
  "totalEvaluations": 6,
  "breakdown": {
    "knowledge-update": 1,
    "multi-session": 1,
    "single-session-assistant": 1,
    "single-session-preference": 1,
    "single-session-user": 1,
    "temporal-reasoning": 1
  },
  "artifactPath": "/Users/rom.iluz/Dev/memongo/artifacts/canary-runs/gate3-strict-1pertype-n3-1778599299/run-1/canary-artifact.json",
  "responsePath": "/Users/rom.iluz/Dev/memongo/artifacts/canary-runs/gate3-strict-1pertype-n3-1778599299/run-1/benchmark-response.json"
}
[canary] sleeping 2000ms before run 2/3
[canary] run 2/3 using collectionPrefix=memongo_bench__run1_1778599335123_run2_1778599335123
[canary] run=canary-run2-2026-05-12T15-23-44-568Z-bf083a01 runIndex=2 dataset=/Users/rom.iluz/.memongo/workspace/benchmarks/longmemeval_s_cleaned.json dryRun=false fullMode=false runDir=/Users/rom.iluz/Dev/memongo/artifacts/canary-runs/gate3-strict-1pertype-n3-1778599299/run-2
[canary] selected 6 evaluations across 6 types from 500 total
  knowledge-update: 1
  multi-session: 1
  single-session-assistant: 1
  single-session-preference: 1
  single-session-user: 1
  temporal-reasoning: 1
[canary] posting benchmark to http://127.0.0.1:3847/v1/admin/relevance/benchmark
[canary] complete. Artifact: /Users/rom.iluz/Dev/memongo/artifacts/canary-runs/gate3-strict-1pertype-n3-1778599299/run-2/canary-artifact.json
{
  "ok": true,
  "runId": "canary-run2-2026-05-12T15-23-44-568Z-bf083a01",
  "runIndex": 2,
  "totalEvaluations": 6,
  "breakdown": {
    "knowledge-update": 1,
    "multi-session": 1,
    "single-session-assistant": 1,
    "single-session-preference": 1,
    "single-session-user": 1,
    "temporal-reasoning": 1
  },
  "artifactPath": "/Users/rom.iluz/Dev/memongo/artifacts/canary-runs/gate3-strict-1pertype-n3-1778599299/run-2/canary-artifact.json",
  "responsePath": "/Users/rom.iluz/Dev/memongo/artifacts/canary-runs/gate3-strict-1pertype-n3-1778599299/run-2/benchmark-response.json"
}
[canary] sleeping 2000ms before run 3/3
[canary] run 3/3 using collectionPrefix=memongo_bench__run1_1778599335123_run2_1778599335123_run3_1778599335123
[canary] run=canary-run3-2026-05-12T15-25-20-165Z-b5985ec7 runIndex=3 dataset=/Users/rom.iluz/.memongo/workspace/benchmarks/longmemeval_s_cleaned.json dryRun=false fullMode=false runDir=/Users/rom.iluz/Dev/memongo/artifacts/canary-runs/gate3-strict-1pertype-n3-1778599299/run-3
[canary] selected 6 evaluations across 6 types from 500 total
  knowledge-update: 1
  multi-session: 1
  single-session-assistant: 1
  single-session-preference: 1
  single-session-user: 1
  temporal-reasoning: 1
[canary] posting benchmark to http://127.0.0.1:3847/v1/admin/relevance/benchmark
[canary] complete. Artifact: /Users/rom.iluz/Dev/memongo/artifacts/canary-runs/gate3-strict-1pertype-n3-1778599299/run-3/canary-artifact.json
{
  "ok": true,
  "runId": "canary-run3-2026-05-12T15-25-20-165Z-b5985ec7",
  "runIndex": 3,
  "totalEvaluations": 6,
  "breakdown": {
    "knowledge-update": 1,
    "multi-session": 1,
    "single-session-assistant": 1,
    "single-session-preference": 1,
    "single-session-user": 1,
    "temporal-reasoning": 1
  },
  "artifactPath": "/Users/rom.iluz/Dev/memongo/artifacts/canary-runs/gate3-strict-1pertype-n3-1778599299/run-3/canary-artifact.json",
  "responsePath": "/Users/rom.iluz/Dev/memongo/artifacts/canary-runs/gate3-strict-1pertype-n3-1778599299/run-3/benchmark-response.json"
}
[canary] aggregate-summary written: /Users/rom.iluz/Dev/memongo/artifacts/canary-runs/gate3-strict-1pertype-n3-1778599299/aggregate-summary.json
[canary] verdict=FAIL hitRate.mean=0.667 min=0.333 max=1.000 deterministicMisses=1 varianceMisses=5
[canary] reasoning: min(hitRate)=0.333 mean=0.667 with 1 deterministic miss(es); retrieval quality fails gate 3 exit criteria.
