[canary] n≥3 discipline: runsPerCommit=3 runIntervalMs=2000 baseDir=artifacts/canary-runs/gate3-strict-1pertype-n3-gauss-1778608237
[canary] run 1/3 using collectionPrefix=memongo_bench__run1_1778608237253
[canary] run=canary-run1-2026-05-12T17-50-37-259Z-f3457a36 runIndex=1 dataset=/Users/rom.iluz/.memongo/workspace/benchmarks/longmemeval_s_cleaned.json dryRun=false fullMode=false runDir=artifacts/canary-runs/gate3-strict-1pertype-n3-gauss-1778608237/run-1
[canary] selected 6 evaluations across 6 types from 500 total
  knowledge-update: 1
  multi-session: 1
  single-session-assistant: 1
  single-session-preference: 1
  single-session-user: 1
  temporal-reasoning: 1
[canary] posting benchmark to http://127.0.0.1:3847/v1/admin/relevance/benchmark
[canary] complete. Artifact: artifacts/canary-runs/gate3-strict-1pertype-n3-gauss-1778608237/run-1/canary-artifact.json
{
  "ok": true,
  "runId": "canary-run1-2026-05-12T17-50-37-259Z-f3457a36",
  "runIndex": 1,
  "totalEvaluations": 6,
  "breakdown": {
    "knowledge-update": 1,
    "multi-session": 1,
    "single-session-assistant": 1,
    "single-session-preference": 1,
    "single-session-user": 1,
    "temporal-reasoning": 1
  },
  "artifactPath": "artifacts/canary-runs/gate3-strict-1pertype-n3-gauss-1778608237/run-1/canary-artifact.json",
  "responsePath": "artifacts/canary-runs/gate3-strict-1pertype-n3-gauss-1778608237/run-1/benchmark-response.json"
}
[canary] sleeping 2000ms before run 2/3
[canary] run 2/3 using collectionPrefix=memongo_bench__run2_1778608237253
[canary] run=canary-run2-2026-05-12T17-51-51-219Z-0d9cb607 runIndex=2 dataset=/Users/rom.iluz/.memongo/workspace/benchmarks/longmemeval_s_cleaned.json dryRun=false fullMode=false runDir=artifacts/canary-runs/gate3-strict-1pertype-n3-gauss-1778608237/run-2
[canary] selected 6 evaluations across 6 types from 500 total
  knowledge-update: 1
  multi-session: 1
  single-session-assistant: 1
  single-session-preference: 1
  single-session-user: 1
  temporal-reasoning: 1
[canary] posting benchmark to http://127.0.0.1:3847/v1/admin/relevance/benchmark
[canary] complete. Artifact: artifacts/canary-runs/gate3-strict-1pertype-n3-gauss-1778608237/run-2/canary-artifact.json
{
  "ok": true,
  "runId": "canary-run2-2026-05-12T17-51-51-219Z-0d9cb607",
  "runIndex": 2,
  "totalEvaluations": 6,
  "breakdown": {
    "knowledge-update": 1,
    "multi-session": 1,
    "single-session-assistant": 1,
    "single-session-preference": 1,
    "single-session-user": 1,
    "temporal-reasoning": 1
  },
  "artifactPath": "artifacts/canary-runs/gate3-strict-1pertype-n3-gauss-1778608237/run-2/canary-artifact.json",
  "responsePath": "artifacts/canary-runs/gate3-strict-1pertype-n3-gauss-1778608237/run-2/benchmark-response.json"
}
[canary] sleeping 2000ms before run 3/3
[canary] run 3/3 using collectionPrefix=memongo_bench__run3_1778608237253
[canary] run=canary-run3-2026-05-12T17-53-41-047Z-0975abe1 runIndex=3 dataset=/Users/rom.iluz/.memongo/workspace/benchmarks/longmemeval_s_cleaned.json dryRun=false fullMode=false runDir=artifacts/canary-runs/gate3-strict-1pertype-n3-gauss-1778608237/run-3
[canary] selected 6 evaluations across 6 types from 500 total
  knowledge-update: 1
  multi-session: 1
  single-session-assistant: 1
  single-session-preference: 1
  single-session-user: 1
  temporal-reasoning: 1
[canary] posting benchmark to http://127.0.0.1:3847/v1/admin/relevance/benchmark
[canary] complete. Artifact: artifacts/canary-runs/gate3-strict-1pertype-n3-gauss-1778608237/run-3/canary-artifact.json
{
  "ok": true,
  "runId": "canary-run3-2026-05-12T17-53-41-047Z-0975abe1",
  "runIndex": 3,
  "totalEvaluations": 6,
  "breakdown": {
    "knowledge-update": 1,
    "multi-session": 1,
    "single-session-assistant": 1,
    "single-session-preference": 1,
    "single-session-user": 1,
    "temporal-reasoning": 1
  },
  "artifactPath": "artifacts/canary-runs/gate3-strict-1pertype-n3-gauss-1778608237/run-3/canary-artifact.json",
  "responsePath": "artifacts/canary-runs/gate3-strict-1pertype-n3-gauss-1778608237/run-3/benchmark-response.json"
}
[canary] aggregate-summary written: artifacts/canary-runs/gate3-strict-1pertype-n3-gauss-1778608237/aggregate-summary.json
[canary] verdict=PARTIAL_PASS hitRate.mean=0.889 min=0.833 max=1.000 deterministicMisses=0 varianceMisses=3
[canary] reasoning: min(hitRate)=0.833 mean=0.889 with 0 deterministic miss(es) and 3 variance miss(es); retrieval quality is partial — deterministic misses are real signal, variance misses are Voyage rerank non-determinism.
